Component: ARM Compiler 5.06 update 6 (build 750) Tool: armlink [4d35ed]

==============================================================================

Section Cross References

    basicmathfunctions.o(i.arm_add_f32) refers to fadd.o(.text) for __aeabi_fadd
    basicmathfunctions.o(i.arm_dot_prod_f32) refers to fmul.o(.text) for __aeabi_fmul
    basicmathfunctions.o(i.arm_dot_prod_f32) refers to fadd.o(.text) for __aeabi_fadd
    basicmathfunctions.o(i.arm_mult_f32) refers to fmul.o(.text) for __aeabi_fmul
    basicmathfunctions.o(i.arm_offset_f32) refers to fadd.o(.text) for __aeabi_fadd
    basicmathfunctions.o(i.arm_scale_f32) refers to fmul.o(.text) for __aeabi_fmul
    basicmathfunctions.o(i.arm_shift_q31) refers to llshl.o(.text) for __aeabi_llsl
    basicmathfunctions.o(i.arm_sub_f32) refers to fadd.o(.text) for __aeabi_fsub
    bayesfunctions.o(i.arm_gaussian_naive_bayes_predict_f32) refers to fadd.o(.text) for __aeabi_fadd
    bayesfunctions.o(i.arm_gaussian_naive_bayes_predict_f32) refers to fmul.o(.text) for __aeabi_fmul
    bayesfunctions.o(i.arm_gaussian_naive_bayes_predict_f32) refers to logf.o(i.logf) for logf
    bayesfunctions.o(i.arm_gaussian_naive_bayes_predict_f32) refers to fdiv.o(.text) for __aeabi_fdiv
    bayesfunctions.o(i.arm_gaussian_naive_bayes_predict_f32) refers to statisticsfunctions.o(i.arm_max_f32) for arm_max_f32
    complexmathfunctions.o(i.arm_cmplx_dot_prod_f32) refers to fmul.o(.text) for __aeabi_fmul
    complexmathfunctions.o(i.arm_cmplx_dot_prod_f32) refers to fadd.o(.text) for __aeabi_fadd
    complexmathfunctions.o(i.arm_cmplx_mag_f32) refers to fmul.o(.text) for __aeabi_fmul
    complexmathfunctions.o(i.arm_cmplx_mag_f32) refers to fadd.o(.text) for __aeabi_fadd
    complexmathfunctions.o(i.arm_cmplx_mag_f32) refers to cfrcmple.o(.text) for __aeabi_cfrcmple
    complexmathfunctions.o(i.arm_cmplx_mag_f32) refers to sqrtf.o(i.sqrtf) for sqrtf
    complexmathfunctions.o(i.arm_cmplx_mag_q15) refers to fastmathfunctions.o(i.arm_sqrt_q15) for arm_sqrt_q15
    complexmathfunctions.o(i.arm_cmplx_mag_q31) refers to fastmathfunctions.o(i.arm_sqrt_q31) for arm_sqrt_q31
    complexmathfunctions.o(i.arm_cmplx_mag_squared_f32) refers to fmul.o(.text) for __aeabi_fmul
    complexmathfunctions.o(i.arm_cmplx_mag_squared_f32) refers to fadd.o(.text) for __aeabi_fadd
    complexmathfunctions.o(i.arm_cmplx_mult_cmplx_f32) refers to fmul.o(.text) for __aeabi_fmul
    complexmathfunctions.o(i.arm_cmplx_mult_cmplx_f32) refers to fadd.o(.text) for __aeabi_fsub
    complexmathfunctions.o(i.arm_cmplx_mult_real_f32) refers to fmul.o(.text) for __aeabi_fmul
    controllerfunctions.o(i.arm_pid_init_f32) refers to fadd.o(.text) for __aeabi_fadd
    controllerfunctions.o(i.arm_pid_init_f32) refers to fmul.o(.text) for __aeabi_fmul
    controllerfunctions.o(i.arm_sin_cos_f32) refers to fmul.o(.text) for __aeabi_fmul
    controllerfunctions.o(i.arm_sin_cos_f32) refers to cfcmple.o(.text) for __aeabi_cfcmple
    controllerfunctions.o(i.arm_sin_cos_f32) refers to ffixi.o(.text) for __aeabi_f2iz
    controllerfunctions.o(i.arm_sin_cos_f32) refers to fflti.o(.text) for __aeabi_i2f
    controllerfunctions.o(i.arm_sin_cos_f32) refers to fadd.o(.text) for __aeabi_frsub
    controllerfunctions.o(i.arm_sin_cos_f32) refers to ffixui.o(.text) for __aeabi_f2uiz
    controllerfunctions.o(i.arm_sin_cos_f32) refers to ffltui.o(.text) for __aeabi_ui2f
    controllerfunctions.o(i.arm_sin_cos_f32) refers to commontables.o(.constdata) for sinTable_f32
    controllerfunctions.o(i.arm_sin_cos_q31) refers to commontables.o(.constdata) for sinTable_q31
    distancefunctions.o(i.arm_braycurtis_distance_f32) refers to fadd.o(.text) for __aeabi_fsub
    distancefunctions.o(i.arm_braycurtis_distance_f32) refers to fdiv.o(.text) for __aeabi_fdiv
    distancefunctions.o(i.arm_canberra_distance_f32) refers to fadd.o(.text) for __aeabi_fsub
    distancefunctions.o(i.arm_canberra_distance_f32) refers to cfcmple.o(.text) for __aeabi_cfcmpeq
    distancefunctions.o(i.arm_canberra_distance_f32) refers to fdiv.o(.text) for __aeabi_fdiv
    distancefunctions.o(i.arm_chebyshev_distance_f32) refers to fadd.o(.text) for __aeabi_fsub
    distancefunctions.o(i.arm_chebyshev_distance_f32) refers to cfrcmple.o(.text) for __aeabi_cfrcmple
    distancefunctions.o(i.arm_cityblock_distance_f32) refers to fadd.o(.text) for __aeabi_fsub
    distancefunctions.o(i.arm_correlation_distance_f32) refers to statisticsfunctions.o(i.arm_mean_f32) for arm_mean_f32
    distancefunctions.o(i.arm_correlation_distance_f32) refers to basicmathfunctions.o(i.arm_offset_f32) for arm_offset_f32
    distancefunctions.o(i.arm_correlation_distance_f32) refers to statisticsfunctions.o(i.arm_power_f32) for arm_power_f32
    distancefunctions.o(i.arm_correlation_distance_f32) refers to basicmathfunctions.o(i.arm_dot_prod_f32) for arm_dot_prod_f32
[...]
    statisticsfunctions.o(i.arm_std_q15) refers to fastmathfunctions.o(i.arm_sqrt_q15) for arm_sqrt_q15
    statisticsfunctions.o(i.arm_std_q31) refers to ldiv.o(.text) for __aeabi_ldivmod
    statisticsfunctions.o(i.arm_std_q31) refers to fastmathfunctions.o(i.arm_sqrt_q31) for arm_sqrt_q31
    statisticsfunctions.o(i.arm_var_f32) refers to fadd.o(.text) for __aeabi_fadd
    statisticsfunctions.o(i.arm_var_f32) refers to ffltui.o(.text) for __aeabi_ui2f
    statisticsfunctions.o(i.arm_var_f32) refers to fdiv.o(.text) for __aeabi_fdiv
    statisticsfunctions.o(i.arm_var_f32) refers to fmul.o(.text) for __aeabi_fmul
    statisticsfunctions.o(i.arm_var_q15) refers to ldiv.o(.text) for __aeabi_ldivmod
    statisticsfunctions.o(i.arm_var_q31) refers to ldiv.o(.text) for __aeabi_ldivmod
    supportfunctions.o(i.arm_barycenter_f32) refers to fadd.o(.text) for __aeabi_fadd
    supportfunctions.o(i.arm_barycenter_f32) refers to fmul.o(.text) for __aeabi_fmul
    supportfunctions.o(i.arm_barycenter_f32) refers to fdiv.o(.text) for __aeabi_fdiv
    supportfunctions.o(i.arm_bitonic_sort_core_f32) refers to cfrcmple.o(.text) for __aeabi_cfrcmple
    supportfunctions.o(i.arm_bitonic_sort_f32) refers to memcpya.o(.text) for __aeabi_memcpy4
    supportfunctions.o(i.arm_bitonic_sort_f32) refers to supportfunctions.o(i.arm_bitonic_sort_core_f32) for arm_bitonic_sort_core_f32
    supportfunctions.o(i.arm_bubble_sort_f32) refers to memcpya.o(.text) for __aeabi_memcpy4
    supportfunctions.o(i.arm_bubble_sort_f32) refers to cfrcmple.o(.text) for __aeabi_cfrcmple
    supportfunctions.o(i.arm_float_to_q15) refers to fmul.o(.text) for __aeabi_fmul
    supportfunctions.o(i.arm_float_to_q15) refers to ffixi.o(.text) for __aeabi_f2iz
    supportfunctions.o(i.arm_float_to_q31) refers to fmul.o(.text) for __aeabi_fmul
    supportfunctions.o(i.arm_float_to_q31) refers to ffixl.o(.text) for __aeabi_f2lz
    supportfunctions.o(i.arm_float_to_q7) refers to fmul.o(.text) for __aeabi_fmul
    supportfunctions.o(i.arm_float_to_q7) refers to ffixi.o(.text) for __aeabi_f2iz
    supportfunctions.o(i.arm_heap_sort_f32) refers to memcpya.o(.text) for __aeabi_memcpy4
    supportfunctions.o(i.arm_heap_sort_f32) refers to supportfunctions.o(i.arm_heapify) for arm_heapify
    supportfunctions.o(i.arm_heapify) refers to cfrcmple.o(.text) for __aeabi_cfrcmple
    supportfunctions.o(i.arm_insertion_sort_f32) refers to memcpya.o(.text) for __aeabi_memcpy4
    supportfunctions.o(i.arm_insertion_sort_f32) refers to cfcmple.o(.text) for __aeabi_cfcmple
    supportfunctions.o(i.arm_merge_sort_core_f32) refers to supportfunctions.o(i.topDownMerge) for topDownMerge
    supportfunctions.o(i.arm_merge_sort_f32) refers to memcpya.o(.text) for __aeabi_memcpy4
    supportfunctions.o(i.arm_merge_sort_f32) refers to supportfunctions.o(i.arm_merge_sort_core_f32) for arm_merge_sort_core_f32
    supportfunctions.o(i.arm_q15_to_float) refers to fflti.o(.text) for __aeabi_i2f
    supportfunctions.o(i.arm_q15_to_float) refers to fdiv.o(.text) for __aeabi_fdiv
    supportfunctions.o(i.arm_q31_to_float) refers to fflti.o(.text) for __aeabi_i2f
    supportfunctions.o(i.arm_q31_to_float) refers to fdiv.o(.text) for __aeabi_fdiv
    supportfunctions.o(i.arm_q7_to_float) refers to fflti.o(.text) for __aeabi_i2f
    supportfunctions.o(i.arm_q7_to_float) refers to fdiv.o(.text) for __aeabi_fdiv
    supportfunctions.o(i.arm_quick_sort_core_f32) refers to supportfunctions.o(i.arm_quick_sort_partition_f32) for arm_quick_sort_partition_f32
    supportfunctions.o(i.arm_quick_sort_f32) refers to memcpya.o(.text) for __aeabi_memcpy4
    supportfunctions.o(i.arm_quick_sort_f32) refers to supportfunctions.o(i.arm_quick_sort_core_f32) for arm_quick_sort_core_f32
    supportfunctions.o(i.arm_quick_sort_partition_f32) refers to cfcmple.o(.text) for __aeabi_cfcmple
    supportfunctions.o(i.arm_quick_sort_partition_f32) refers to cfrcmple.o(.text) for __aeabi_cfrcmple
    supportfunctions.o(i.arm_selection_sort_f32) refers to memcpya.o(.text) for __aeabi_memcpy4
    supportfunctions.o(i.arm_selection_sort_f32) refers to cfcmple.o(.text) for __aeabi_cfcmple
    supportfunctions.o(i.arm_sort_f32) refers to supportfunctions.o(i.arm_bitonic_sort_f32) for arm_bitonic_sort_f32
    supportfunctions.o(i.arm_sort_f32) refers to supportfunctions.o(i.arm_bubble_sort_f32) for arm_bubble_sort_f32
    supportfunctions.o(i.arm_sort_f32) refers to supportfunctions.o(i.arm_heap_sort_f32) for arm_heap_sort_f32
    supportfunctions.o(i.arm_sort_f32) refers to supportfunctions.o(i.arm_insertion_sort_f32) for arm_insertion_sort_f32
    supportfunctions.o(i.arm_sort_f32) refers to supportfunctions.o(i.arm_quick_sort_f32) for arm_quick_sort_f32
    supportfunctions.o(i.arm_sort_f32) refers to supportfunctions.o(i.arm_selection_sort_f32) for arm_selection_sort_f32
    supportfunctions.o(i.arm_spline_f32) refers to fadd.o(.text) for __aeabi_fsub
    supportfunctions.o(i.arm_spline_f32) refers to fmul.o(.text) for __aeabi_fmul
    supportfunctions.o(i.arm_spline_f32) refers to cfcmple.o(.text) for __aeabi_cfcmple
    supportfunctions.o(i.arm_spline_init_f32) refers to fadd.o(.text) for __aeabi_fsub
    supportfunctions.o(i.arm_spline_init_f32) refers to fmul.o(.text) for __aeabi_fmul
    supportfunctions.o(i.arm_spline_init_f32) refers to fdiv.o(.text) for __aeabi_fdiv
    supportfunctions.o(i.arm_weighted_sum_f32) refers to fmul.o(.text) for __aeabi_fmul
    supportfunctions.o(i.arm_weighted_sum_f32) refers to fadd.o(.text) for __aeabi_fadd
    supportfunctions.o(i.arm_weighted_sum_f32) refers to fdiv.o(.text) for __aeabi_fdiv
    supportfunctions.o(i.topDownMerge) refers to cfcmple.o(.text) for __aeabi_cfcmple
    transformfunctions.o(i.arm_cfft_f32) refers to transformfunctions.o(i.arm_cfft_radix8by2_f32) for arm_cfft_radix8by2_f32
    transformfunctions.o(i.arm_cfft_f32) refers to transformfunctions.o(i.arm_cfft_radix8by4_f32) for arm_cfft_radix8by4_f32
    transformfunctions.o(i.arm_cfft_f32) refers to transformfunctions.o(i.arm_radix8_butterfly_f32) for arm_radix8_butterfly_f32
    transformfunctions.o(i.arm_cfft_f32) refers to transformfunctions.o(i.arm_bitreversal_32) for arm_bitreversal_32
    transformfunctions.o(i.arm_cfft_f32) refers to ffltui.o(.text) for __aeabi_ui2f
    transformfunctions.o(i.arm_cfft_f32) refers to fdiv.o(.text) for __aeabi_fdiv
    transformfunctions.o(i.arm_cfft_f32) refers to fmul.o(.text) for __aeabi_fmul
    transformfunctions.o(i.arm_cfft_f64) refers to transformfunctions.o(i.arm_radix4_butterfly_f64) for arm_radix4_butterfly_f64
    transformfunctions.o(i.arm_cfft_f64) refers to transformfunctions.o(i.arm_cfft_radix4by2_f64) for arm_cfft_radix4by2_f64
    transformfunctions.o(i.arm_cfft_f64) refers to transformfunctions.o(i.arm_bitreversal_64) for arm_bitreversal_64
    transformfunctions.o(i.arm_cfft_f64) refers to dfltui.o(.text) for __aeabi_ui2d
    transformfunctions.o(i.arm_cfft_f64) refers to ddiv.o(.text) for __aeabi_ddiv
    transformfunctions.o(i.arm_cfft_f64) refers to dmul.o(.text) for __aeabi_dmul
    transformfunctions.o(i.arm_cfft_init_f32) refers to commontables.o(.constdata) for arm_cfft_sR_f32_len4096
    transformfunctions.o(i.arm_cfft_init_f64) refers to commontables.o(.constdata) for arm_cfft_sR_f64_len4096
    transformfunctions.o(i.arm_cfft_init_q15) refers to commontables.o(.constdata) for arm_cfft_sR_q15_len4096
    transformfunctions.o(i.arm_cfft_init_q31) refers to commontables.o(.constdata) for arm_cfft_sR_q31_len4096
    transformfunctions.o(i.arm_cfft_q15) refers to transformfunctions.o(i.arm_radix4_butterfly_inverse_q15) for arm_radix4_butterfly_inverse_q15
    transformfunctions.o(i.arm_cfft_q15) refers to transformfunctions.o(i.arm_cfft_radix4by2_inverse_q15) for arm_cfft_radix4by2_inverse_q15
    transformfunctions.o(i.arm_cfft_q15) refers to transformfunctions.o(i.arm_radix4_butterfly_q15) for arm_radix4_butterfly_q15
    transformfunctions.o(i.arm_cfft_q15) refers to transformfunctions.o(i.arm_cfft_radix4by2_q15) for arm_cfft_radix4by2_q15
    transformfunctions.o(i.arm_cfft_q15) refers to transformfunctions.o(i.arm_bitreversal_16) for arm_bitreversal_16
    transformfunctions.o(i.arm_cfft_q31) refers to transformfunctions.o(i.arm_radix4_butterfly_inverse_q31) for arm_radix4_butterfly_inverse_q31
    transformfunctions.o(i.arm_cfft_q31) refers to transformfunctions.o(i.arm_cfft_radix4by2_inverse_q31) for arm_cfft_radix4by2_inverse_q31
    transformfunctions.o(i.arm_cfft_q31) refers to transformfunctions.o(i.arm_radix4_butterfly_q31) for arm_radix4_butterfly_q31
    transformfunctions.o(i.arm_cfft_q31) refers to transformfunctions.o(i.arm_cfft_radix4by2_q31) for arm_cfft_radix4by2_q31
    transformfunctions.o(i.arm_cfft_q31) refers to transformfunctions.o(i.arm_bitreversal_32) for arm_bitreversal_32
    transformfunctions.o(i.arm_cfft_radix2_f32) refers to transformfunctions.o(i.arm_radix2_butterfly_inverse_f32) for arm_radix2_butterfly_inverse_f32
    transformfunctions.o(i.arm_cfft_radix2_f32) refers to transformfunctions.o(i.arm_radix2_butterfly_f32) for arm_radix2_butterfly_f32
    transformfunctions.o(i.arm_cfft_radix2_f32) refers to transformfunctions.o(i.arm_bitreversal_f32) for arm_bitreversal_f32
    transformfunctions.o(i.arm_cfft_radix2_init_f32) refers to commontables.o(.constdata) for twiddleCoef_4096
    transformfunctions.o(i.arm_cfft_radix2_init_q15) refers to commontables.o(.constdata) for twiddleCoef_4096_q15
    transformfunctions.o(i.arm_cfft_radix2_init_q31) refers to commontables.o(.constdata) for twiddleCoef_4096_q31
    transformfunctions.o(i.arm_cfft_radix2_q15) refers to transformfunctions.o(i.arm_radix2_butterfly_inverse_q15) for arm_radix2_butterfly_inverse_q15
    transformfunctions.o(i.arm_cfft_radix2_q15) refers to transformfunctions.o(i.arm_radix2_butterfly_q15) for arm_radix2_butterfly_q15
    transformfunctions.o(i.arm_cfft_radix2_q15) refers to transformfunctions.o(i.arm_bitreversal_q15) for arm_bitreversal_q15
    transformfunctions.o(i.arm_cfft_radix2_q31) refers to transformfunctions.o(i.arm_radix2_butterfly_inverse_q31) for arm_radix2_butterfly_inverse_q31
    transformfunctions.o(i.arm_cfft_radix2_q31) refers to transformfunctions.o(i.arm_radix2_butterfly_q31) for arm_radix2_butterfly_q31
    transformfunctions.o(i.arm_cfft_radix2_q31) refers to transformfunctions.o(i.arm_bitreversal_q31) for arm_bitreversal_q31
    transformfunctions.o(i.arm_cfft_radix4_f32) refers to transformfunctions.o(i.arm_radix4_butterfly_inverse_f32) for arm_radix4_butterfly_inverse_f32
    transformfunctions.o(i.arm_cfft_radix4_f32) refers to transformfunctions.o(i.arm_radix4_butterfly_f32) for arm_radix4_butterfly_f32
    transformfunctions.o(i.arm_cfft_radix4_f32) refers to transformfunctions.o(i.arm_bitreversal_f32) for arm_bitreversal_f32
    transformfunctions.o(i.arm_cfft_radix4_init_f32) refers to commontables.o(.constdata) for twiddleCoef_4096
    transformfunctions.o(i.arm_cfft_radix4_init_q15) refers to commontables.o(.constdata) for twiddleCoef_4096_q15
    transformfunctions.o(i.arm_cfft_radix4_init_q31) refers to commontables.o(.constdata) for twiddleCoef_4096_q31
    transformfunctions.o(i.arm_cfft_radix4_q15) refers to transformfunctions.o(i.arm_radix4_butterfly_inverse_q15) for arm_radix4_butterfly_inverse_q15
    transformfunctions.o(i.arm_cfft_radix4_q15) refers to transformfunctions.o(i.arm_radix4_butterfly_q15) for arm_radix4_butterfly_q15
    transformfunctions.o(i.arm_cfft_radix4_q15) refers to transformfunctions.o(i.arm_bitreversal_q15) for arm_bitreversal_q15
    transformfunctions.o(i.arm_cfft_radix4_q31) refers to transformfunctions.o(i.arm_radix4_butterfly_inverse_q31) for arm_radix4_butterfly_inverse_q31
    transformfunctions.o(i.arm_cfft_radix4_q31) refers to transformfunctions.o(i.arm_radix4_butterfly_q31) for arm_radix4_butterfly_q31
    transformfunctions.o(i.arm_cfft_radix4_q31) refers to transformfunctions.o(i.arm_bitreversal_q31) for arm_bitreversal_q31
    transformfunctions.o(i.arm_cfft_radix4by2_f64) refers to dadd.o(.text) for __aeabi_dadd
    transformfunctions.o(i.arm_cfft_radix4by2_f64) refers to dmul.o(.text) for __aeabi_dmul
    transformfunctions.o(i.arm_cfft_radix4by2_f64) refers to transformfunctions.o(i.arm_radix4_butterfly_f64) for arm_radix4_butterfly_f64
    transformfunctions.o(i.arm_cfft_radix4by2_inverse_q15) refers to transformfunctions.o(i.arm_radix4_butterfly_inverse_q15) for arm_radix4_butterfly_inverse_q15
    transformfunctions.o(i.arm_cfft_radix4by2_inverse_q31) refers to transformfunctions.o(i.arm_radix4_butterfly_inverse_q31) for arm_radix4_butterfly_inverse_q31
    transformfunctions.o(i.arm_cfft_radix4by2_q15) refers to transformfunctions.o(i.arm_radix4_butterfly_q15) for arm_radix4_butterfly_q15
    transformfunctions.o(i.arm_cfft_radix4by2_q31) refers to transformfunctions.o(i.arm_radix4_butterfly_q31) for arm_radix4_butterfly_q31
    transformfunctions.o(i.arm_cfft_radix8by2_f32) refers to fadd.o(.text) for __aeabi_fadd
    transformfunctions.o(i.arm_cfft_radix8by2_f32) refers to fmul.o(.text) for __aeabi_fmul
    transformfunctions.o(i.arm_cfft_radix8by2_f32) refers to transformfunctions.o(i.arm_radix8_butterfly_f32) for arm_radix8_butterfly_f32
    transformfunctions.o(i.arm_cfft_radix8by4_f32) refers to fadd.o(.text) for __aeabi_fadd
    transformfunctions.o(i.arm_cfft_radix8by4_f32) refers to fmul.o(.text) for __aeabi_fmul
    transformfunctions.o(i.arm_cfft_radix8by4_f32) refers to transformfunctions.o(i.arm_radix8_butterfly_f32) for arm_radix8_butterfly_f32
    transformfunctions.o(i.arm_dct4_f32) refers to basicmathfunctions.o(i.arm_scale_f32) for arm_scale_f32
    transformfunctions.o(i.arm_dct4_f32) refers to basicmathfunctions.o(i.arm_mult_f32) for arm_mult_f32
    transformfunctions.o(i.arm_dct4_f32) refers to transformfunctions.o(i.arm_rfft_f32) for arm_rfft_f32
    transformfunctions.o(i.arm_dct4_f32) refers to complexmathfunctions.o(i.arm_cmplx_mult_cmplx_f32) for arm_cmplx_mult_cmplx_f32
    transformfunctions.o(i.arm_dct4_f32) refers to fmul.o(.text) for __aeabi_fmul
    transformfunctions.o(i.arm_dct4_f32) refers to fadd.o(.text) for __aeabi_fsub
    transformfunctions.o(i.arm_dct4_init_f32) refers to transformfunctions.o(i.arm_rfft_init_f32) for arm_rfft_init_f32
    transformfunctions.o(i.arm_dct4_init_f32) refers to commontables.o(.constdata) for Weights_8192
    transformfunctions.o(i.arm_dct4_init_q15) refers to transformfunctions.o(i.arm_rfft_init_q15) for arm_rfft_init_q15
    transformfunctions.o(i.arm_dct4_init_q15) refers to commontables.o(.constdata) for WeightsQ15_8192
    transformfunctions.o(i.arm_dct4_init_q31) refers to transformfunctions.o(i.arm_rfft_init_q31) for arm_rfft_init_q31
    transformfunctions.o(i.arm_dct4_init_q31) refers to commontables.o(.constdata) for WeightsQ31_8192
    transformfunctions.o(i.arm_dct4_q15) refers to basicmathfunctions.o(i.arm_mult_q15) for arm_mult_q15
    transformfunctions.o(i.arm_dct4_q15) refers to basicmathfunctions.o(i.arm_shift_q15) for arm_shift_q15
    transformfunctions.o(i.arm_dct4_q15) refers to transformfunctions.o(i.arm_rfft_q15) for arm_rfft_q15
    transformfunctions.o(i.arm_dct4_q15) refers to complexmathfunctions.o(i.arm_cmplx_mult_cmplx_q15) for arm_cmplx_mult_cmplx_q15
    transformfunctions.o(i.arm_dct4_q31) refers to basicmathfunctions.o(i.arm_mult_q31) for arm_mult_q31
    transformfunctions.o(i.arm_dct4_q31) refers to basicmathfunctions.o(i.arm_shift_q31) for arm_shift_q31
    transformfunctions.o(i.arm_dct4_q31) refers to transformfunctions.o(i.arm_rfft_q31) for arm_rfft_q31
    transformfunctions.o(i.arm_dct4_q31) refers to complexmathfunctions.o(i.arm_cmplx_mult_cmplx_q31) for arm_cmplx_mult_cmplx_q31
    transformfunctions.o(i.arm_radix2_butterfly_f32) refers to fadd.o(.text) for __aeabi_fadd
    transformfunctions.o(i.arm_radix2_butterfly_f32) refers to fmul.o(.text) for __aeabi_fmul
    transformfunctions.o(i.arm_radix2_butterfly_inverse_f32) refers to fadd.o(.text) for __aeabi_fadd
    transformfunctions.o(i.arm_radix2_butterfly_inverse_f32) refers to fmul.o(.text) for __aeabi_fmul
    transformfunctions.o(i.arm_radix4_butterfly_f32) refers to fadd.o(.text) for __aeabi_fadd
    transformfunctions.o(i.arm_radix4_butterfly_f32) refers to fmul.o(.text) for __aeabi_fmul
    transformfunctions.o(i.arm_radix4_butterfly_f64) refers to dadd.o(.text) for __aeabi_dadd
    transformfunctions.o(i.arm_radix4_butterfly_f64) refers to dmul.o(.text) for __aeabi_dmul
    transformfunctions.o(i.arm_radix4_butterfly_inverse_f32) refers to fadd.o(.text) for __aeabi_fadd
    transformfunctions.o(i.arm_radix4_butterfly_inverse_f32) refers to fmul.o(.text) for __aeabi_fmul
    transformfunctions.o(i.arm_radix8_butterfly_f32) refers to fadd.o(.text) for __aeabi_fadd
    transformfunctions.o(i.arm_radix8_butterfly_f32) refers to fmul.o(.text) for __aeabi_fmul
    transformfunctions.o(i.arm_rfft_1024_fast_init_f32) refers to transformfunctions.o(i.arm_cfft_init_f32) for arm_cfft_init_f32
    transformfunctions.o(i.arm_rfft_1024_fast_init_f32) refers to commontables.o(.constdata) for twiddleCoef_rfft_1024
    transformfunctions.o(i.arm_rfft_1024_fast_init_f64) refers to commontables.o(.constdata) for armBitRevIndexTableF64_512
    transformfunctions.o(i.arm_rfft_128_fast_init_f32) refers to transformfunctions.o(i.arm_cfft_init_f32) for arm_cfft_init_f32
    transformfunctions.o(i.arm_rfft_128_fast_init_f32) refers to commontables.o(.constdata) for twiddleCoef_rfft_128
    transformfunctions.o(i.arm_rfft_128_fast_init_f64) refers to commontables.o(.constdata) for armBitRevIndexTableF64_64
    transformfunctions.o(i.arm_rfft_2048_fast_init_f32) refers to transformfunctions.o(i.arm_cfft_init_f32) for arm_cfft_init_f32
    transformfunctions.o(i.arm_rfft_2048_fast_init_f32) refers to commontables.o(.constdata) for twiddleCoef_rfft_2048
    transformfunctions.o(i.arm_rfft_2048_fast_init_f64) refers to commontables.o(.constdata) for armBitRevIndexTableF64_1024
    transformfunctions.o(i.arm_rfft_256_fast_init_f32) refers to transformfunctions.o(i.arm_cfft_init_f32) for arm_cfft_init_f32
    transformfunctions.o(i.arm_rfft_256_fast_init_f32) refers to commontables.o(.constdata) for twiddleCoef_rfft_256
    transformfunctions.o(i.arm_rfft_256_fast_init_f64) refers to commontables.o(.constdata) for armBitRevIndexTableF64_128
    transformfunctions.o(i.arm_rfft_32_fast_init_f32) refers to transformfunctions.o(i.arm_cfft_init_f32) for arm_cfft_init_f32
    transformfunctions.o(i.arm_rfft_32_fast_init_f32) refers to commontables.o(.constdata) for twiddleCoef_rfft_32
    transformfunctions.o(i.arm_rfft_32_fast_init_f64) refers to commontables.o(.constdata) for armBitRevIndexTableF64_16
    transformfunctions.o(i.arm_rfft_4096_fast_init_f32) refers to transformfunctions.o(i.arm_cfft_init_f32) for arm_cfft_init_f32
    transformfunctions.o(i.arm_rfft_4096_fast_init_f32) refers to commontables.o(.constdata) for twiddleCoef_rfft_4096
    transformfunctions.o(i.arm_rfft_4096_fast_init_f64) refers to commontables.o(.constdata) for armBitRevIndexTableF64_2048
    transformfunctions.o(i.arm_rfft_512_fast_init_f32) refers to transformfunctions.o(i.arm_cfft_init_f32) for arm_cfft_init_f32
    transformfunctions.o(i.arm_rfft_512_fast_init_f32) refers to commontables.o(.constdata) for twiddleCoef_rfft_512
    transformfunctions.o(i.arm_rfft_512_fast_init_f64) refers to commontables.o(.constdata) for armBitRevIndexTableF64_256
    transformfunctions.o(i.arm_rfft_64_fast_init_f32) refers to transformfunctions.o(i.arm_cfft_init_f32) for arm_cfft_init_f32
    transformfunctions.o(i.arm_rfft_64_fast_init_f32) refers to commontables.o(.constdata) for twiddleCoef_rfft_64
    transformfunctions.o(i.arm_rfft_64_fast_init_f64) refers to commontables.o(.constdata) for armBitRevIndexTableF64_32
    transformfunctions.o(i.arm_rfft_f32) refers to transformfunctions.o(i.arm_split_rifft_f32) for arm_split_rifft_f32
    transformfunctions.o(i.arm_rfft_f32) refers to transformfunctions.o(i.arm_radix4_butterfly_inverse_f32) for arm_radix4_butterfly_inverse_f32
    transformfunctions.o(i.arm_rfft_f32) refers to transformfunctions.o(i.arm_bitreversal_f32) for arm_bitreversal_f32
    transformfunctions.o(i.arm_rfft_f32) refers to transformfunctions.o(i.arm_radix4_butterfly_f32) for arm_radix4_butterfly_f32
    transformfunctions.o(i.arm_rfft_f32) refers to transformfunctions.o(i.arm_split_rfft_f32) for arm_split_rfft_f32
    transformfunctions.o(i.arm_rfft_fast_f32) refers to transformfunctions.o(i.merge_rfft_f32) for merge_rfft_f32
    transformfunctions.o(i.arm_rfft_fast_f32) refers to transformfunctions.o(i.arm_cfft_f32) for arm_cfft_f32
    transformfunctions.o(i.arm_rfft_fast_f32) refers to transformfunctions.o(i.stage_rfft_f32) for stage_rfft_f32
    transformfunctions.o(i.arm_rfft_fast_f64) refers to transformfunctions.o(i.merge_rfft_f64) for merge_rfft_f64
    transformfunctions.o(i.arm_rfft_fast_f64) refers to transformfunctions.o(i.arm_cfft_f64) for arm_cfft_f64
    transformfunctions.o(i.arm_rfft_fast_f64) refers to transformfunctions.o(i.stage_rfft_f64) for stage_rfft_f64
    transformfunctions.o(i.arm_rfft_fast_init_f32) refers to transformfunctions.o(i.arm_rfft_4096_fast_init_f32) for arm_rfft_4096_fast_init_f32
    transformfunctions.o(i.arm_rfft_fast_init_f32) refers to transformfunctions.o(i.arm_rfft_2048_fast_init_f32) for arm_rfft_2048_fast_init_f32
    transformfunctions.o(i.arm_rfft_fast_init_f32) refers to transformfunctions.o(i.arm_rfft_1024_fast_init_f32) for arm_rfft_1024_fast_init_f32
    transformfunctions.o(i.arm_rfft_fast_init_f32) refers to transformfunctions.o(i.arm_rfft_512_fast_init_f32) for arm_rfft_512_fast_init_f32
    transformfunctions.o(i.arm_rfft_fast_init_f32) refers to transformfunctions.o(i.arm_rfft_256_fast_init_f32) for arm_rfft_256_fast_init_f32
    transformfunctions.o(i.arm_rfft_fast_init_f32) refers to transformfunctions.o(i.arm_rfft_128_fast_init_f32) for arm_rfft_128_fast_init_f32
    transformfunctions.o(i.arm_rfft_fast_init_f32) refers to transformfunctions.o(i.arm_rfft_64_fast_init_f32) for arm_rfft_64_fast_init_f32
    transformfunctions.o(i.arm_rfft_fast_init_f32) refers to transformfunctions.o(i.arm_rfft_32_fast_init_f32) for arm_rfft_32_fast_init_f32
    transformfunctions.o(i.arm_rfft_fast_init_f64) refers to transformfunctions.o(i.arm_rfft_4096_fast_init_f64) for arm_rfft_4096_fast_init_f64
    transformfunctions.o(i.arm_rfft_fast_init_f64) refers to transformfunctions.o(i.arm_rfft_2048_fast_init_f64) for arm_rfft_2048_fast_init_f64
    transformfunctions.o(i.arm_rfft_fast_init_f64) refers to transformfunctions.o(i.arm_rfft_1024_fast_init_f64) for arm_rfft_1024_fast_init_f64
    transformfunctions.o(i.arm_rfft_fast_init_f64) refers to transformfunctions.o(i.arm_rfft_512_fast_init_f64) for arm_rfft_512_fast_init_f64
    transformfunctions.o(i.arm_rfft_fast_init_f64) refers to transformfunctions.o(i.arm_rfft_256_fast_init_f64) for arm_rfft_256_fast_init_f64
    transformfunctions.o(i.arm_rfft_fast_init_f64) refers to transformfunctions.o(i.arm_rfft_128_fast_init_f64) for arm_rfft_128_fast_init_f64
    transformfunctions.o(i.arm_rfft_fast_init_f64) refers to transformfunctions.o(i.arm_rfft_64_fast_init_f64) for arm_rfft_64_fast_init_f64
    transformfunctions.o(i.arm_rfft_fast_init_f64) refers to transformfunctions.o(i.arm_rfft_32_fast_init_f64) for arm_rfft_32_fast_init_f64
    transformfunctions.o(i.arm_rfft_init_f32) refers to transformfunctions.o(i.arm_cfft_radix4_init_f32) for arm_cfft_radix4_init_f32
    transformfunctions.o(i.arm_rfft_init_f32) refers to commontables.o(.constdata) for realCoefA
    transformfunctions.o(i.arm_rfft_init_q15) refers to commontables.o(.constdata) for realCoefAQ15
    transformfunctions.o(i.arm_rfft_init_q31) refers to commontables.o(.constdata) for realCoefAQ31
    transformfunctions.o(i.arm_rfft_q15) refers to transformfunctions.o(i.arm_split_rifft_q15) for arm_split_rifft_q15
    transformfunctions.o(i.arm_rfft_q15) refers to transformfunctions.o(i.arm_cfft_q15) for arm_cfft_q15
    transformfunctions.o(i.arm_rfft_q15) refers to transformfunctions.o(i.arm_split_rfft_q15) for arm_split_rfft_q15
    transformfunctions.o(i.arm_rfft_q31) refers to transformfunctions.o(i.arm_split_rifft_q31) for arm_split_rifft_q31
    transformfunctions.o(i.arm_rfft_q31) refers to transformfunctions.o(i.arm_cfft_q31) for arm_cfft_q31
    transformfunctions.o(i.arm_rfft_q31) refers to transformfunctions.o(i.arm_split_rfft_q31) for arm_split_rfft_q31
    transformfunctions.o(i.arm_split_rfft_f32) refers to fmul.o(.text) for __aeabi_fmul
    transformfunctions.o(i.arm_split_rfft_f32) refers to fadd.o(.text) for __aeabi_fadd
    transformfunctions.o(i.arm_split_rifft_f32) refers to fmul.o(.text) for __aeabi_fmul
    transformfunctions.o(i.arm_split_rifft_f32) refers to fadd.o(.text) for __aeabi_fadd
    transformfunctions.o(i.merge_rfft_f32) refers to fadd.o(.text) for __aeabi_fadd
    transformfunctions.o(i.merge_rfft_f32) refers to fmul.o(.text) for __aeabi_fmul
    transformfunctions.o(i.merge_rfft_f64) refers to dadd.o(.text) for __aeabi_dadd
    transformfunctions.o(i.merge_rfft_f64) refers to dmul.o(.text) for __aeabi_dmul
    transformfunctions.o(i.stage_rfft_f32) refers to fadd.o(.text) for __aeabi_fadd
    transformfunctions.o(i.stage_rfft_f32) refers to fmul.o(.text) for __aeabi_fmul
    transformfunctions.o(i.stage_rfft_f64) refers to dadd.o(.text) for __aeabi_dadd
    transformfunctions.o(i.stage_rfft_f64) refers to dmul.o(.text) for __aeabi_dmul
    startup_stm32f10x_ld.o(RESET) refers to startup_stm32f10x_ld.o(STACK) for __initial_sp
    startup_stm32f10x_ld.o(RESET) refers to startup_stm32f10x_ld.o(.text) for Reset_Handler
    startup_stm32f10x_ld.o(.text) refers to system_stm32f10x.o(i.SystemInit) for SystemInit
    startup_stm32f10x_ld.o(.text) refers to demo.o(EXAMPLE) for __main
    system_stm32f10x.o(i.SetSysClock) refers to system_stm32f10x.o(i.SetSysClockTo72) for SetSysClockTo72
    system_stm32f10x.o(i.SystemCoreClockUpdate) refers to system_stm32f10x.o(.data) for SystemCoreClock
    system_stm32f10x.o(i.SystemInit) refers to system_stm32f10x.o(i.SetSysClock) for SetSysClock
    expf.o(i.__softfp_expf) refers (Special) to iusefp.o(.text) for __I$use$fp
    expf.o(i.__softfp_expf) refers to expf.o(i.expf) for expf
    expf.o(i.expf) refers (Special) to iusefp.o(.text) for __I$use$fp
    expf.o(i.expf) refers to fmul.o(.text) for __aeabi_fmul
    expf.o(i.expf) refers to frnd.o(.text) for _frnd
    expf.o(i.expf) refers to ffixi.o(.text) for __aeabi_f2iz
    expf.o(i.expf) refers to fadd.o(.text) for __aeabi_frsub
    expf.o(i.expf) refers to fscalb.o(.text) for __ARM_scalbnf
    expf.o(i.expf) refers to errno.o(i.__set_errno) for __set_errno
    expf.o(i.expf) refers to funder.o(i.__mathlib_flt_underflow) for __mathlib_flt_underflow
    expf.o(i.expf) refers to funder.o(i.__mathlib_flt_infnan) for __mathlib_flt_infnan
    expf.o(i.expf) refers to funder.o(i.__mathlib_flt_overflow) for __mathlib_flt_overflow
    expf.o(i.expf) refers to fpclassifyf.o(i.__ARM_fpclassifyf) for __ARM_fpclassifyf
    expf.o(i.expf) refers to expf.o(.constdata) for .constdata
    expf.o(.constdata) refers (Special) to iusefp.o(.text) for __I$use$fp
    expf_x.o(i.____softfp_expf$lsc) refers (Special) to iusefp.o(.text) for __I$use$fp
    expf_x.o(i.____softfp_expf$lsc) refers to expf_x.o(i.__expf$lsc) for __expf$lsc
    expf_x.o(i.__expf$lsc) refers (Special) to iusefp.o(.text) for __I$use$fp
    expf_x.o(i.__expf$lsc) refers to fmul.o(.text) for __aeabi_fmul
    expf_x.o(i.__expf$lsc) refers to frnd.o(.text) for _frnd
    expf_x.o(i.__expf$lsc) refers to ffixi.o(.text) for __aeabi_f2iz
    expf_x.o(i.__expf$lsc) refers to fadd.o(.text) for __aeabi_frsub
    expf_x.o(i.__expf$lsc) refers to fscalb.o(.text) for __ARM_scalbnf
    expf_x.o(i.__expf$lsc) refers to errno.o(i.__set_errno) for __set_errno
    expf_x.o(i.__expf$lsc) refers to funder.o(i.__mathlib_flt_infnan) for __mathlib_flt_infnan
    expf_x.o(i.__expf$lsc) refers to fpstat.o(.text) for __ieee_status
    expf_x.o(i.__expf$lsc) refers to expf_x.o(.constdata) for .constdata
    expf_x.o(.constdata) refers (Special) to iusefp.o(.text) for __I$use$fp
    log.o(i.__softfp_log) refers (Special) to iusefp.o(.text) for __I$use$fp
    log.o(i.__softfp_log) refers to log.o(i.log) for log
    log.o(i.log) refers (Special) to iusefp.o(.text) for __I$use$fp
    log.o(i.log) refers to dunder.o(i.__mathlib_dbl_infnan) for __mathlib_dbl_infnan
    log.o(i.log) refers to errno.o(i.__set_errno) for __set_errno
    log.o(i.log) refers to dunder.o(i.__mathlib_dbl_invalid) for __mathlib_dbl_invalid
    log.o(i.log) refers to dunder.o(i.__mathlib_dbl_divzero) for __mathlib_dbl_divzero
    log.o(i.log) refers to dscalb.o(.text) for __ARM_scalbn
    log.o(i.log) refers to dadd.o(.text) for __aeabi_dsub
    log.o(i.log) refers to cdcmple.o(.text) for __aeabi_cdcmpeq
    log.o(i.log) refers to dflti.o(.text) for __aeabi_i2d
    log.o(i.log) refers to dmul.o(.text) for __aeabi_dmul
    log.o(i.log) refers to ddiv.o(.text) for __aeabi_ddiv
    log.o(i.log) refers to poly.o(i.__kernel_poly) for __kernel_poly
    log.o(i.log) refers to qnan.o(.constdata) for __mathlib_zero
    log.o(i.log) refers to log.o(.constdata) for .constdata
    log.o(.constdata) refers (Special) to iusefp.o(.text) for __I$use$fp
    log_x.o(i.____softfp_log$lsc) refers (Special) to iusefp.o(.text) for __I$use$fp
    log_x.o(i.____softfp_log$lsc) refers to log_x.o(i.__log$lsc) for __log$lsc
    log_x.o(i.__log$lsc) refers (Special) to iusefp.o(.text) for __I$use$fp
    log_x.o(i.__log$lsc) refers to dunder.o(i.__mathlib_dbl_infnan) for __mathlib_dbl_infnan
    log_x.o(i.__log$lsc) refers to errno.o(i.__set_errno) for __set_errno
    log_x.o(i.__log$lsc) refers to dscalb.o(.text) for __ARM_scalbn
    log_x.o(i.__log$lsc) refers to dadd.o(.text) for __aeabi_dsub
    log_x.o(i.__log$lsc) refers to cdcmple.o(.text) for __aeabi_cdcmpeq
    log_x.o(i.__log$lsc) refers to dflti.o(.text) for __aeabi_i2d
    log_x.o(i.__log$lsc) refers to dmul.o(.text) for __aeabi_dmul
    log_x.o(i.__log$lsc) refers to ddiv.o(.text) for __aeabi_ddiv
    log_x.o(i.__log$lsc) refers to poly.o(i.__kernel_poly) for __kernel_poly
    log_x.o(i.__log$lsc) refers to qnan.o(.constdata) for __mathlib_zero
    log_x.o(i.__log$lsc) refers to log_x.o(.constdata) for .constdata
    log_x.o(.constdata) refers (Special) to iusefp.o(.text) for __I$use$fp
    logf.o(i.__softfp_logf) refers (Special) to iusefp.o(.text) for __I$use$fp
    logf.o(i.__softfp_logf) refers to logf.o(i.logf) for logf
    logf.o(i.logf) refers (Special) to iusefp.o(.text) for __I$use$fp
    logf.o(i.logf) refers to fadd.o(.text) for __aeabi_fadd
    logf.o(i.logf) refers to fdiv.o(.text) for __aeabi_fdiv
    logf.o(i.logf) refers to fmul.o(.text) for __aeabi_fmul
    logf.o(i.logf) refers to fflti.o(.text) for __aeabi_i2f
    logf.o(i.logf) refers to fscalb.o(.text) for __ARM_scalbnf
    logf.o(i.logf) refers to funder.o(i.__mathlib_flt_infnan) for __mathlib_flt_infnan
    logf.o(i.logf) refers to errno.o(i.__set_errno) for __set_errno
    logf.o(i.logf) refers to funder.o(i.__mathlib_flt_invalid) for __mathlib_flt_invalid
    logf.o(i.logf) refers to funder.o(i.__mathlib_flt_divzero) for __mathlib_flt_divzero
    logf.o(i.logf) refers to logf.o(.constdata) for .constdata
    logf.o(.constdata) refers (Special) to iusefp.o(.text) for __I$use$fp
    logf_x.o(i.____softfp_logf$lsc) refers (Special) to iusefp.o(.text) for __I$use$fp
    logf_x.o(i.____softfp_logf$lsc) refers to logf_x.o(i.__logf$lsc) for __logf$lsc
    logf_x.o(i.__logf$lsc) refers (Special) to iusefp.o(.text) for __I$use$fp
    logf_x.o(i.__logf$lsc) refers to fadd.o(.text) for __aeabi_fadd
    logf_x.o(i.__logf$lsc) refers to fdiv.o(.text) for __aeabi_fdiv
    logf_x.o(i.__logf$lsc) refers to fmul.o(.text) for __aeabi_fmul
    logf_x.o(i.__logf$lsc) refers to fflti.o(.text) for __aeabi_i2f
    logf_x.o(i.__logf$lsc) refers to fscalb.o(.text) for __ARM_scalbnf
    logf_x.o(i.__logf$lsc) refers to funder.o(i.__mathlib_flt_infnan) for __mathlib_flt_infnan
    logf_x.o(i.__logf$lsc) refers to errno.o(i.__set_errno) for __set_errno
    logf_x.o(i.__logf$lsc) refers to logf_x.o(.constdata) for .constdata
    logf_x.o(.constdata) refers (Special) to iusefp.o(.text) for __I$use$fp
    powf.o(i.__softfp_powf) refers (Special) to iusefp.o(.text) for __I$use$fp
    powf.o(i.__softfp_powf) refers to powf.o(i.powf) for powf
    powf.o(i.powf) refers (Special) to iusefp.o(.text) for __I$use$fp
    powf.o(i.powf) refers to fflti.o(.text) for __aeabi_i2f
    powf.o(i.powf) refers to fscalb.o(.text) for __ARM_scalbnf
    powf.o(i.powf) refers to fadd.o(.text) for __aeabi_fadd
    powf.o(i.powf) refers to fdiv.o(.text) for __aeabi_fdiv
    powf.o(i.powf) refers to fmul.o(.text) for __aeabi_fmul
    powf.o(i.powf) refers to fpstat.o(.text) for __ieee_status
    powf.o(i.powf) refers to ffixir.o(.text) for _ffix_r
    powf.o(i.powf) refers to fpclassifyf.o(i.__ARM_fpclassifyf) for __ARM_fpclassifyf
    powf.o(i.powf) refers to funder.o(i.__mathlib_flt_underflow) for __mathlib_flt_underflow
    powf.o(i.powf) refers to errno.o(i.__set_errno) for __set_errno
    powf.o(i.powf) refers to funder.o(i.__mathlib_flt_overflow) for __mathlib_flt_overflow
    powf.o(i.powf) refers to funder.o(i.__mathlib_flt_invalid) for __mathlib_flt_invalid
    powf.o(i.powf) refers to powf.o(.constdata) for .constdata
    powf.o(i.powf) refers to funder.o(i.__mathlib_flt_infnan2) for __mathlib_flt_infnan2
    powf.o(i.powf) refers to funder.o(i.__mathlib_flt_divzero) for __mathlib_flt_divzero
    powf.o(.constdata) refers (Special) to iusefp.o(.text) for __I$use$fp
    powf_x.o(i.____softfp_powf$lsc) refers (Special) to iusefp.o(.text) for __I$use$fp
    powf_x.o(i.____softfp_powf$lsc) refers to powf_x.o(i.__powf$lsc) for __powf$lsc
    powf_x.o(i.__powf$lsc) refers (Special) to iusefp.o(.text) for __I$use$fp
    powf_x.o(i.__powf$lsc) refers to fflti.o(.text) for __aeabi_i2f
    powf_x.o(i.__powf$lsc) refers to fscalb.o(.text) for __ARM_scalbnf
    powf_x.o(i.__powf$lsc) refers to fadd.o(.text) for __aeabi_fadd
    powf_x.o(i.__powf$lsc) refers to fdiv.o(.text) for __aeabi_fdiv
    powf_x.o(i.__powf$lsc) refers to fmul.o(.text) for __aeabi_fmul
    powf_x.o(i.__powf$lsc) refers to fpstat.o(.text) for __ieee_status
    powf_x.o(i.__powf$lsc) refers to ffixir.o(.text) for _ffix_r
    powf_x.o(i.__powf$lsc) refers to errno.o(i.__set_errno) for __set_errno
    powf_x.o(i.__powf$lsc) refers to powf_x.o(.constdata) for .constdata
    powf_x.o(i.__powf$lsc) refers to funder.o(i.__mathlib_flt_infnan2) for __mathlib_flt_infnan2
    powf_x.o(.constdata) refers (Special) to iusefp.o(.text) for __I$use$fp
    sqrtf.o(i.__softfp_sqrtf) refers (Special) to iusefp.o(.text) for __I$use$fp
    sqrtf.o(i.__softfp_sqrtf) refers to fsqrt.o(.text) for _fsqrt
    sqrtf.o(i.__softfp_sqrtf) refers to errno.o(i.__set_errno) for __set_errno
    sqrtf.o(i.sqrtf) refers (Special) to iusefp.o(.text) for __I$use$fp
    sqrtf.o(i.sqrtf) refers to fsqrt.o(.text) for _fsqrt
    sqrtf.o(i.sqrtf) refers to errno.o(i.__set_errno) for __set_errno
    sqrtf_x.o(i.____softfp_sqrtf$lsc) refers (Special) to iusefp.o(.text) for __I$use$fp
    sqrtf_x.o(i.____softfp_sqrtf$lsc) refers to errno.o(i.__set_errno) for __set_errno
    sqrtf_x.o(i.____softfp_sqrtf$lsc) refers to fsqrt.o(.text) for _fsqrt
    sqrtf_x.o(i.__sqrtf$lsc) refers (Special) to iusefp.o(.text) for __I$use$fp
    sqrtf_x.o(i.__sqrtf$lsc) refers to errno.o(i.__set_errno) for __set_errno
    sqrtf_x.o(i.__sqrtf$lsc) refers to fsqrt.o(.text) for _fsqrt
    tanhf.o(i.__softfp_tanhf) refers (Special) to iusefp.o(.text) for __I$use$fp
    tanhf.o(i.__softfp_tanhf) refers to tanhf.o(i.tanhf) for tanhf
    tanhf.o(i.tanhf) refers (Special) to iusefp.o(.text) for __I$use$fp
    tanhf.o(i.tanhf) refers to fscalb.o(.text) for __ARM_scalbnf
    tanhf.o(i.tanhf) refers to expf.o(i.expf) for expf
    tanhf.o(i.tanhf) refers to fadd.o(.text) for __aeabi_fadd
    tanhf.o(i.tanhf) refers to fdiv.o(.text) for __aeabi_fdiv
    tanhf.o(i.tanhf) refers to fpclassifyf.o(i.__ARM_fpclassifyf) for __ARM_fpclassifyf
    tanhf.o(i.tanhf) refers to funder.o(i.__mathlib_flt_underflow) for __mathlib_flt_underflow
    tanhf.o(i.tanhf) refers to fmul.o(.text) for __aeabi_fmul
    tanhf.o(i.tanhf) refers to funder.o(i.__mathlib_flt_infnan) for __mathlib_flt_infnan
    tanhf_x.o(i.____softfp_tanhf$lsc) refers (Special) to iusefp.o(.text) for __I$use$fp
    tanhf_x.o(i.____softfp_tanhf$lsc) refers to fscalb.o(.text) for __ARM_scalbnf
    tanhf_x.o(i.____softfp_tanhf$lsc) refers to expf.o(i.expf) for expf
    tanhf_x.o(i.____softfp_tanhf$lsc) refers to fadd.o(.text) for __aeabi_fadd
    tanhf_x.o(i.____softfp_tanhf$lsc) refers to fdiv.o(.text) for __aeabi_fdiv
    tanhf_x.o(i.____softfp_tanhf$lsc) refers to fmul.o(.text) for __aeabi_fmul
    tanhf_x.o(i.____softfp_tanhf$lsc) refers to funder.o(i.__mathlib_flt_infnan) for __mathlib_flt_infnan
    tanhf_x.o(i.__tanhf$lsc) refers (Special) to iusefp.o(.text) for __I$use$fp
    tanhf_x.o(i.__tanhf$lsc) refers to fscalb.o(.text) for __ARM_scalbnf
    tanhf_x.o(i.__tanhf$lsc) refers to expf.o(i.expf) for expf
    tanhf_x.o(i.__tanhf$lsc) refers to fadd.o(.text) for __aeabi_fadd
    tanhf_x.o(i.__tanhf$lsc) refers to fdiv.o(.text) for __aeabi_fdiv
    tanhf_x.o(i.__tanhf$lsc) refers to fmul.o(.text) for __aeabi_fmul
    tanhf_x.o(i.__tanhf$lsc) refers to funder.o(i.__mathlib_flt_infnan) for __mathlib_flt_infnan
    uldiv.o(.text) refers to llushr.o(.text) for __aeabi_llsr
    uldiv.o(.text) refers to llshl.o(.text) for __aeabi_llsl
    ldiv.o(.text) refers to uldiv.o(.text) for __aeabi_uldivmod
    fadd.o(.text) refers (Special) to iusefp.o(.text) for __I$use$fp
    fadd.o(.text) refers to fepilogue.o(.text) for _float_epilogue
    fmul.o(.text) refers (Special) to iusefp.o(.text) for __I$use$fp
    fdiv.o(.text) refers (Special) to iusefp.o(.text) for __I$use$fp
    fdiv.o(.text) refers to fepilogue.o(.text) for _float_round
    dadd.o(.text) refers (Special) to iusefp.o(.text) for __I$use$fp
    dadd.o(.text) refers to llshl.o(.text) for __aeabi_llsl
    dadd.o(.text) refers to llsshr.o(.text) for __aeabi_lasr
    dadd.o(.text) refers to depilogue.o(.text) for _double_epilogue
    dmul.o(.text) refers (Special) to iusefp.o(.text) for __I$use$fp
    dmul.o(.text) refers to depilogue.o(.text) for _double_epilogue
    ddiv.o(.text) refers (Special) to iusefp.o(.text) for __I$use$fp
    ddiv.o(.text) refers to depilogue.o(.text) for _double_round
    fflti.o(.text) refers (Special) to iusefp.o(.text) for __I$use$fp
    fflti.o(.text) refers to fepilogue.o(.text) for _float_epilogue
    ffltui.o(.text) refers (Special) to iusefp.o(.text) for __I$use$fp
    ffltui.o(.text) refers to fepilogue.o(.text) for _float_epilogue
    dfltui.o(.text) refers (Special) to iusefp.o(.text) for __I$use$fp
    dfltui.o(.text) refers to depilogue.o(.text) for _double_epilogue
    ffixi.o(.text) refers (Special) to iusefp.o(.text) for __I$use$fp
    ffixui.o(.text) refers (Special) to iusefp.o(.text) for __I$use$fp
    ffixl.o(.text) refers (Special) to iusefp.o(.text) for __I$use$fp
    ffixl.o(.text) refers to llshl.o(.text) for __aeabi_llsl
    f2d.o(.text) refers (Special) to iusefp.o(.text) for __I$use$fp
    cdcmple.o(.text) refers (Special) to iusefp.o(.text) for __I$use$fp
    d2f.o(.text) refers (Special) to iusefp.o(.text) for __I$use$fp
    d2f.o(.text) refers to fepilogue.o(.text) for _float_round
    cfcmple.o(.text) refers (Special) to iusefp.o(.text) for __I$use$fp
    cfrcmple.o(.text) refers (Special) to iusefp.o(.text) for __I$use$fp
    dunder.o(i.__mathlib_dbl_divzero) refers to ddiv.o(.text) for __aeabi_ddiv
    dunder.o(i.__mathlib_dbl_infnan) refers to dscalb.o(.text) for __ARM_scalbn
    dunder.o(i.__mathlib_dbl_infnan2) refers to dadd.o(.text) for __aeabi_dadd
    dunder.o(i.__mathlib_dbl_invalid) refers to ddiv.o(.text) for __aeabi_ddiv
    dunder.o(i.__mathlib_dbl_overflow) refers to dscalb.o(.text) for __ARM_scalbn
    dunder.o(i.__mathlib_dbl_posinfnan) refers to dmul.o(.text) for __aeabi_dmul
    dunder.o(i.__mathlib_dbl_underflow) refers to dscalb.o(.text) for __ARM_scalbn
    fpclassifyf.o(i.__ARM_fpclassifyf) refers (Special) to iusefp.o(.text) for __I$use$fp
    funder.o(i.__mathlib_flt_divzero) refers to fdiv.o(.text) for __aeabi_fdiv
    funder.o(i.__mathlib_flt_infnan) refers to fscalb.o(.text) for __ARM_scalbnf
    funder.o(i.__mathlib_flt_infnan2) refers to fadd.o(.text) for __aeabi_fadd
    funder.o(i.__mathlib_flt_invalid) refers to fdiv.o(.text) for __aeabi_fdiv
    funder.o(i.__mathlib_flt_overflow) refers to fscalb.o(.text) for __ARM_scalbnf
    funder.o(i.__mathlib_flt_posinfnan) refers to fmul.o(.text) for __aeabi_fmul
    funder.o(i.__mathlib_flt_underflow) refers to fscalb.o(.text) for __ARM_scalbnf
    poly.o(i.__kernel_poly) refers (Special) to iusefp.o(.text) for __I$use$fp
    poly.o(i.__kernel_poly) refers to dmul.o(.text) for __aeabi_dmul
    poly.o(i.__kernel_poly) refers to dadd.o(.text) for __aeabi_dadd
    qnan.o(.constdata) refers (Special) to iusefp.o(.text) for __I$use$fp
    errno.o(i.__aeabi_errno_addr) refers to errno.o(.data) for .data
    errno.o(i.__read_errno) refers to errno.o(.data) for .data
    errno.o(i.__set_errno) refers to errno.o(.data) for .data
    fsqrt.o(.text) refers to fepilogue.o(.text) for _float_round
    frnd.o(.text) refers to fepilogue.o(.text) for _float_round
    depilogue.o(.text) refers to llshl.o(.text) for __aeabi_llsl
    depilogue.o(.text) refers to llushr.o(.text) for __aeabi_llsr
    dflti.o(.text) refers to depilogue.o(.text) for _double_epilogue
    ffixir.o(.text) refers to fepilogue.o(.text) for _float_round


==============================================================================

Removing Unused input sections from the image.

    Removing demo.o(DATA), (0 bytes).
    Removing basicmathfunctions.o(.rev16_text), (4 bytes).
    Removing basicmathfunctions.o(.revsh_text), (4 bytes).
    Removing basicmathfunctions.o(.rrx_text), (6 bytes).
    Removing basicmathfunctions.o(i.arm_abs_f32), (22 bytes).
    Removing basicmathfunctions.o(i.arm_abs_q15), (48 bytes).
    Removing basicmathfunctions.o(i.arm_abs_q31), (42 bytes).
    Removing basicmathfunctions.o(i.arm_abs_q7), (46 bytes).
    Removing basicmathfunctions.o(i.arm_add_f32), (40 bytes).
    Removing basicmathfunctions.o(i.arm_add_q15), (32 bytes).
    Removing basicmathfunctions.o(i.arm_add_q31), (68 bytes).
    Removing basicmathfunctions.o(i.arm_add_q7), (32 bytes).
    Removing basicmathfunctions.o(i.arm_and_u16), (28 bytes).
    Removing basicmathfunctions.o(i.arm_and_u32), (22 bytes).
    Removing basicmathfunctions.o(i.arm_and_u8), (28 bytes).
    Removing basicmathfunctions.o(i.arm_dot_prod_f32), (56 bytes).
    Removing basicmathfunctions.o(i.arm_dot_prod_q15), (54 bytes).
    Removing basicmathfunctions.o(i.arm_dot_prod_q31), (60 bytes).
    Removing basicmathfunctions.o(i.arm_dot_prod_q7), (30 bytes).
    Removing basicmathfunctions.o(i.arm_mult_f32), (40 bytes).
    Removing basicmathfunctions.o(i.arm_mult_q15), (32 bytes).
    Removing basicmathfunctions.o(i.arm_mult_q31), (34 bytes).
    Removing basicmathfunctions.o(i.arm_mult_q7), (32 bytes).
    Removing basicmathfunctions.o(i.arm_negate_f32), (22 bytes).
    Removing basicmathfunctions.o(i.arm_negate_q15), (40 bytes).
    Removing basicmathfunctions.o(i.arm_negate_q31), (34 bytes).
    Removing basicmathfunctions.o(i.arm_negate_q7), (38 bytes).
    Removing basicmathfunctions.o(i.arm_not_u16), (24 bytes).
    Removing basicmathfunctions.o(i.arm_not_u32), (20 bytes).
    Removing basicmathfunctions.o(i.arm_not_u8), (24 bytes).
    Removing basicmathfunctions.o(i.arm_offset_f32), (36 bytes).
    Removing basicmathfunctions.o(i.arm_offset_q15), (28 bytes).
    Removing basicmathfunctions.o(i.arm_offset_q31), (58 bytes).
    Removing basicmathfunctions.o(i.arm_offset_q7), (28 bytes).
    Removing basicmathfunctions.o(i.arm_or_u16), (28 bytes).
    Removing basicmathfunctions.o(i.arm_or_u32), (22 bytes).
    Removing basicmathfunctions.o(i.arm_or_u8), (28 bytes).
    Removing basicmathfunctions.o(i.arm_scale_f32), (36 bytes).
    Removing basicmathfunctions.o(i.arm_scale_q15), (38 bytes).
    Removing basicmathfunctions.o(i.arm_scale_q31), (108 bytes).
    Removing basicmathfunctions.o(i.arm_scale_q7), (38 bytes).
    Removing basicmathfunctions.o(i.arm_shift_q15), (58 bytes).
    Removing basicmathfunctions.o(i.arm_shift_q31), (110 bytes).
    Removing basicmathfunctions.o(i.arm_shift_q7), (58 bytes).
    Removing basicmathfunctions.o(i.arm_sub_f32), (40 bytes).
    Removing basicmathfunctions.o(i.arm_sub_q15), (32 bytes).
    Removing basicmathfunctions.o(i.arm_sub_q31), (68 bytes).
    Removing basicmathfunctions.o(i.arm_sub_q7), (32 bytes).
    Removing basicmathfunctions.o(i.arm_xor_u16), (28 bytes).
    Removing basicmathfunctions.o(i.arm_xor_u32), (22 bytes).
    Removing basicmathfunctions.o(i.arm_xor_u8), (28 bytes).
    Removing bayesfunctions.o(.rev16_text), (4 bytes).
    Removing bayesfunctions.o(.revsh_text), (4 bytes).
    Removing bayesfunctions.o(.rrx_text), (6 bytes).
    Removing bayesfunctions.o(i.arm_gaussian_naive_bayes_predict_f32), (252 bytes).
    Removing commontables.o(.rev16_text), (4 bytes).
    Removing commontables.o(.revsh_text), (4 bytes).
    Removing commontables.o(.rrx_text), (6 bytes).
    Removing commontables.o(.constdata), (920372 bytes).
    Removing complexmathfunctions.o(.rev16_text), (4 bytes).
    Removing complexmathfunctions.o(.revsh_text), (4 bytes).
    Removing complexmathfunctions.o(.rrx_text), (6 bytes).
    Removing complexmathfunctions.o(i.arm_cmplx_conj_f32), (26 bytes).
    Removing complexmathfunctions.o(i.arm_cmplx_conj_q15), (48 bytes).
    Removing complexmathfunctions.o(i.arm_cmplx_conj_q31), (38 bytes).
    Removing complexmathfunctions.o(i.arm_cmplx_dot_prod_f32), (134 bytes).
    Removing complexmathfunctions.o(i.arm_cmplx_dot_prod_q15), (152 bytes).
    Removing complexmathfunctions.o(i.arm_cmplx_dot_prod_q31), (164 bytes).
    Removing complexmathfunctions.o(i.arm_cmplx_mag_f32), (92 bytes).
    Removing complexmathfunctions.o(i.arm_cmplx_mag_q15), (72 bytes).
    Removing complexmathfunctions.o(i.arm_cmplx_mag_q31), (60 bytes).
    Removing complexmathfunctions.o(i.arm_cmplx_mag_squared_f32), (60 bytes).
    Removing complexmathfunctions.o(i.arm_cmplx_mag_squared_q15), (68 bytes).
    Removing complexmathfunctions.o(i.arm_cmplx_mag_squared_q31), (48 bytes).
    Removing complexmathfunctions.o(i.arm_cmplx_mult_cmplx_f32), (102 bytes).
    Removing complexmathfunctions.o(i.arm_cmplx_mult_cmplx_q15), (80 bytes).
    Removing complexmathfunctions.o(i.arm_cmplx_mult_cmplx_q31), (80 bytes).
    Removing complexmathfunctions.o(i.arm_cmplx_mult_real_f32), (54 bytes).
    Removing complexmathfunctions.o(i.arm_cmplx_mult_real_q15), (48 bytes).
    Removing complexmathfunctions.o(i.arm_cmplx_mult_real_q31), (110 bytes).
    Removing controllerfunctions.o(.rev16_text), (4 bytes).
    Removing controllerfunctions.o(.revsh_text), (4 bytes).
    Removing controllerfunctions.o(.rrx_text), (6 bytes).
    Removing controllerfunctions.o(i.arm_pid_init_f32), (72 bytes).
    Removing controllerfunctions.o(i.arm_pid_init_q15), (60 bytes).
    Removing controllerfunctions.o(i.arm_pid_init_q31), (146 bytes).
    Removing controllerfunctions.o(i.arm_pid_reset_f32), (10 bytes).
    Removing controllerfunctions.o(i.arm_pid_reset_q15), (10 bytes).
    Removing controllerfunctions.o(i.arm_pid_reset_q31), (10 bytes).
    Removing controllerfunctions.o(i.arm_sin_cos_f32), (608 bytes).
    Removing controllerfunctions.o(i.arm_sin_cos_q31), (576 bytes).
    Removing distancefunctions.o(.rev16_text), (4 bytes).
    Removing distancefunctions.o(.revsh_text), (4 bytes).
    Removing distancefunctions.o(.rrx_text), (6 bytes).
    Removing distancefunctions.o(i.arm_boolean_distance_TF_FT), (202 bytes).
    Removing distancefunctions.o(i.arm_boolean_distance_TT), (128 bytes).
    Removing distancefunctions.o(i.arm_boolean_distance_TT_FF_TF_FT), (322 bytes).
    Removing distancefunctions.o(i.arm_boolean_distance_TT_TF_FT), (248 bytes).
    Removing distancefunctions.o(i.arm_braycurtis_distance_f32), (86 bytes).
    Removing distancefunctions.o(i.arm_canberra_distance_f32), (104 bytes).
    Removing distancefunctions.o(i.arm_chebyshev_distance_f32), (82 bytes).
    Removing distancefunctions.o(i.arm_cityblock_distance_f32), (56 bytes).
    Removing distancefunctions.o(i.arm_correlation_distance_f32), (212 bytes).
    Removing distancefunctions.o(i.arm_cosine_distance_f32), (98 bytes).
    Removing distancefunctions.o(i.arm_dice_distance), (144 bytes).
    Removing distancefunctions.o(i.arm_euclidean_distance_f32), (82 bytes).
    Removing distancefunctions.o(i.arm_hamming_distance), (92 bytes).
    Removing distancefunctions.o(i.arm_jaccard_distance), (96 bytes).
    Removing distancefunctions.o(i.arm_jensenshannon_distance_f32), (144 bytes).
    Removing distancefunctions.o(i.arm_kulsinski_distance), (112 bytes).
    Removing distancefunctions.o(i.arm_minkowski_distance_f32), (100 bytes).
    Removing distancefunctions.o(i.arm_rogerstanimoto_distance), (112 bytes).
    Removing distancefunctions.o(i.arm_russellrao_distance), (92 bytes).
    Removing distancefunctions.o(i.arm_sokalmichener_distance), (132 bytes).
    Removing distancefunctions.o(i.arm_sokalsneath_distance), (100 bytes).
    Removing distancefunctions.o(i.arm_yule_distance), (140 bytes).
    Removing distancefunctions.o(i.rel_entr), (34 bytes).
    Removing fastmathfunctions.o(.rev16_text), (4 bytes).
    Removing fastmathfunctions.o(.revsh_text), (4 bytes).
    Removing fastmathfunctions.o(.rrx_text), (6 bytes).
    Removing fastmathfunctions.o(i.arm_cos_f32), (188 bytes).
    Removing fastmathfunctions.o(i.arm_cos_q15), (72 bytes).
    Removing fastmathfunctions.o(i.arm_cos_q31), (84 bytes).
    Removing fastmathfunctions.o(i.arm_sin_f32), (180 bytes).
    Removing fastmathfunctions.o(i.arm_sin_q15), (68 bytes).
    Removing fastmathfunctions.o(i.arm_sin_q31), (80 bytes).
    Removing fastmathfunctions.o(i.arm_sqrt_q15), (264 bytes).
    Removing fastmathfunctions.o(i.arm_sqrt_q31), (288 bytes).
    Removing fastmathfunctions.o(i.arm_vexp_f32), (32 bytes).
    Removing fastmathfunctions.o(i.arm_vlog_f32), (32 bytes).
    Removing filteringfunctions.o(.rev16_text), (4 bytes).
    Removing filteringfunctions.o(.revsh_text), (4 bytes).
    Removing filteringfunctions.o(.rrx_text), (6 bytes).
    Removing filteringfunctions.o(i.arm_biquad_cas_df1_32x64_init_q31), (38 bytes).
    Removing filteringfunctions.o(i.arm_biquad_cas_df1_32x64_q31), (438 bytes).
    Removing filteringfunctions.o(i.arm_biquad_cascade_df1_f32), (232 bytes).
    Removing filteringfunctions.o(i.arm_biquad_cascade_df1_fast_q15), (454 bytes).
    Removing filteringfunctions.o(i.arm_biquad_cascade_df1_fast_q31), (360 bytes).
    Removing filteringfunctions.o(i.arm_biquad_cascade_df1_init_f32), (30 bytes).
    Removing filteringfunctions.o(i.arm_biquad_cascade_df1_init_q15), (40 bytes).
    Removing filteringfunctions.o(i.arm_biquad_cascade_df1_init_q31), (38 bytes).
    Removing filteringfunctions.o(i.arm_biquad_cascade_df1_q15), (290 bytes).
    Removing filteringfunctions.o(i.arm_biquad_cascade_df1_q31), (256 bytes).
    Removing filteringfunctions.o(i.arm_biquad_cascade_df2T_f32), (208 bytes).
    Removing filteringfunctions.o(i.arm_biquad_cascade_df2T_f64), (298 bytes).
    Removing filteringfunctions.o(i.arm_biquad_cascade_df2T_init_f32), (30 bytes).
    Removing filteringfunctions.o(i.arm_biquad_cascade_df2T_init_f64), (30 bytes).
    Removing filteringfunctions.o(i.arm_biquad_cascade_stereo_df2T_f32), (302 bytes).
    Removing filteringfunctions.o(i.arm_biquad_cascade_stereo_df2T_init_f32), (30 bytes).
    Removing filteringfunctions.o(i.arm_conv_f32), (98 bytes).
    Removing filteringfunctions.o(i.arm_conv_fast_opt_q15), (276 bytes).
    Removing filteringfunctions.o(i.arm_conv_fast_q15), (3012 bytes).
    Removing filteringfunctions.o(i.arm_conv_fast_q31), (1534 bytes).
    Removing filteringfunctions.o(i.arm_conv_opt_q15), (310 bytes).
    Removing filteringfunctions.o(i.arm_conv_opt_q7), (1068 bytes).
    Removing filteringfunctions.o(i.arm_conv_partial_f32), (132 bytes).
    Removing filteringfunctions.o(i.arm_conv_partial_fast_opt_q15), (358 bytes).
    Removing filteringfunctions.o(i.arm_conv_partial_fast_q15), (3220 bytes).
    Removing filteringfunctions.o(i.arm_conv_partial_fast_q31), (548 bytes).
    Removing filteringfunctions.o(i.arm_conv_partial_opt_q15), (396 bytes).
    Removing filteringfunctions.o(i.arm_conv_partial_opt_q7), (1188 bytes).
    Removing filteringfunctions.o(i.arm_conv_partial_q15), (152 bytes).
    Removing filteringfunctions.o(i.arm_conv_partial_q31), (146 bytes).
    Removing filteringfunctions.o(i.arm_conv_partial_q7), (116 bytes).
    Removing filteringfunctions.o(i.arm_conv_q15), (110 bytes).
    Removing filteringfunctions.o(i.arm_conv_q31), (488 bytes).
    Removing filteringfunctions.o(i.arm_conv_q7), (376 bytes).
    Removing filteringfunctions.o(i.arm_correlate_f32), (182 bytes).
    Removing filteringfunctions.o(i.arm_correlate_fast_opt_q15), (264 bytes).
    Removing filteringfunctions.o(i.arm_correlate_fast_q15), (2760 bytes).
    Removing filteringfunctions.o(i.arm_correlate_fast_q31), (1670 bytes).
    Removing filteringfunctions.o(i.arm_correlate_opt_q15), (306 bytes).
    Removing filteringfunctions.o(i.arm_correlate_opt_q7), (1110 bytes).
    Removing filteringfunctions.o(i.arm_correlate_q15), (210 bytes).
    Removing filteringfunctions.o(i.arm_correlate_q31), (598 bytes).
    Removing filteringfunctions.o(i.arm_correlate_q7), (474 bytes).
    Removing filteringfunctions.o(i.arm_fir_decimate_f32), (178 bytes).
    Removing filteringfunctions.o(i.arm_fir_decimate_fast_q15), (464 bytes).
    Removing filteringfunctions.o(i.arm_fir_decimate_fast_q31), (222 bytes).
    Removing filteringfunctions.o(i.arm_fir_decimate_init_f32), (66 bytes).
    Removing filteringfunctions.o(i.arm_fir_decimate_init_q15), (66 bytes).
    Removing filteringfunctions.o(i.arm_fir_decimate_init_q31), (66 bytes).
    Removing filteringfunctions.o(i.arm_fir_decimate_q15), (668 bytes).
    Removing filteringfunctions.o(i.arm_fir_decimate_q31), (236 bytes).
    Removing filteringfunctions.o(i.arm_fir_f32), (146 bytes).
    Removing filteringfunctions.o(i.arm_fir_fast_q15), (142 bytes).
    Removing filteringfunctions.o(i.arm_fir_fast_q31), (180 bytes).
    Removing filteringfunctions.o(i.arm_fir_init_f32), (40 bytes).
    Removing filteringfunctions.o(i.arm_fir_init_q15), (46 bytes).
    Removing filteringfunctions.o(i.arm_fir_init_q31), (40 bytes).
    Removing filteringfunctions.o(i.arm_fir_init_q7), (38 bytes).
    Removing filteringfunctions.o(i.arm_fir_interpolate_f32), (178 bytes).
    Removing filteringfunctions.o(i.arm_fir_interpolate_init_f32), (70 bytes).
    Removing filteringfunctions.o(i.arm_fir_interpolate_init_q15), (70 bytes).
    Removing filteringfunctions.o(i.arm_fir_interpolate_init_q31), (70 bytes).
    Removing filteringfunctions.o(i.arm_fir_interpolate_q15), (254 bytes).
    Removing filteringfunctions.o(i.arm_fir_interpolate_q31), (250 bytes).
    Removing filteringfunctions.o(i.arm_fir_lattice_f32), (178 bytes).
    Removing filteringfunctions.o(i.arm_fir_lattice_init_f32), (30 bytes).
    Removing filteringfunctions.o(i.arm_fir_lattice_init_q15), (30 bytes).
    Removing filteringfunctions.o(i.arm_fir_lattice_init_q31), (30 bytes).
    Removing filteringfunctions.o(i.arm_fir_lattice_q15), (188 bytes).
    Removing filteringfunctions.o(i.arm_fir_lattice_q31), (166 bytes).
    Removing filteringfunctions.o(i.arm_fir_q15), (200 bytes).
    Removing filteringfunctions.o(i.arm_fir_q31), (188 bytes).
    Removing filteringfunctions.o(i.arm_fir_q7), (146 bytes).
    Removing filteringfunctions.o(i.arm_fir_sparse_f32), (746 bytes).
    Removing filteringfunctions.o(i.arm_fir_sparse_init_f32), (54 bytes).
    Removing filteringfunctions.o(i.arm_fir_sparse_init_q15), (54 bytes).
    Removing filteringfunctions.o(i.arm_fir_sparse_init_q31), (54 bytes).
    Removing filteringfunctions.o(i.arm_fir_sparse_init_q7), (52 bytes).
    Removing filteringfunctions.o(i.arm_fir_sparse_q15), (950 bytes).
    Removing filteringfunctions.o(i.arm_fir_sparse_q31), (972 bytes).
    Removing filteringfunctions.o(i.arm_fir_sparse_q7), (952 bytes).
    Removing filteringfunctions.o(i.arm_iir_lattice_f32), (218 bytes).
    Removing filteringfunctions.o(i.arm_iir_lattice_init_f32), (42 bytes).
    Removing filteringfunctions.o(i.arm_iir_lattice_init_q15), (42 bytes).
    Removing filteringfunctions.o(i.arm_iir_lattice_init_q31), (42 bytes).
    Removing filteringfunctions.o(i.arm_iir_lattice_q15), (324 bytes).
    Removing filteringfunctions.o(i.arm_iir_lattice_q31), (308 bytes).
    Removing filteringfunctions.o(i.arm_lms_f32), (226 bytes).
    Removing filteringfunctions.o(i.arm_lms_init_f32), (44 bytes).
    Removing filteringfunctions.o(i.arm_lms_init_q15), (52 bytes).
    Removing filteringfunctions.o(i.arm_lms_init_q31), (52 bytes).
    Removing filteringfunctions.o(i.arm_lms_norm_f32), (300 bytes).
    Removing filteringfunctions.o(i.arm_lms_norm_init_f32), (50 bytes).
    Removing filteringfunctions.o(i.arm_lms_norm_init_q15), (68 bytes).
    Removing filteringfunctions.o(i.arm_lms_norm_init_q31), (68 bytes).
    Removing filteringfunctions.o(i.arm_lms_norm_q15), (618 bytes).
    Removing filteringfunctions.o(i.arm_lms_norm_q31), (646 bytes).
    Removing filteringfunctions.o(i.arm_lms_q15), (380 bytes).
    Removing filteringfunctions.o(i.arm_lms_q31), (302 bytes).
    Removing matrixfunctions.o(.rev16_text), (4 bytes).
    Removing matrixfunctions.o(.revsh_text), (4 bytes).
    Removing matrixfunctions.o(.rrx_text), (6 bytes).
    Removing matrixfunctions.o(i.arm_mat_add_f32), (68 bytes).
    Removing matrixfunctions.o(i.arm_mat_add_q15), (60 bytes).
    Removing matrixfunctions.o(i.arm_mat_add_q31), (92 bytes).
    Removing matrixfunctions.o(i.arm_mat_cmplx_mult_f32), (262 bytes).
    Removing matrixfunctions.o(i.arm_mat_cmplx_mult_q15), (512 bytes).
    Removing matrixfunctions.o(i.arm_mat_cmplx_mult_q31), (314 bytes).
    Removing matrixfunctions.o(i.arm_mat_init_f32), (8 bytes).
    Removing matrixfunctions.o(i.arm_mat_init_q15), (8 bytes).
    Removing matrixfunctions.o(i.arm_mat_init_q31), (8 bytes).
    Removing matrixfunctions.o(i.arm_mat_inverse_f32), (596 bytes).
    Removing matrixfunctions.o(i.arm_mat_inverse_f64), (768 bytes).
    Removing matrixfunctions.o(i.arm_mat_mult_f32), (186 bytes).
    Removing matrixfunctions.o(i.arm_mat_mult_fast_q15), (342 bytes).
    Removing matrixfunctions.o(i.arm_mat_mult_fast_q31), (572 bytes).
    Removing matrixfunctions.o(i.arm_mat_mult_q15), (188 bytes).
    Removing matrixfunctions.o(i.arm_mat_mult_q31), (172 bytes).
    Removing matrixfunctions.o(i.arm_mat_scale_f32), (56 bytes).
    Removing matrixfunctions.o(i.arm_mat_scale_q15), (62 bytes).
    Removing matrixfunctions.o(i.arm_mat_scale_q31), (80 bytes).
    Removing matrixfunctions.o(i.arm_mat_sub_f32), (68 bytes).
    Removing matrixfunctions.o(i.arm_mat_sub_q15), (60 bytes).
    Removing matrixfunctions.o(i.arm_mat_sub_q31), (92 bytes).
    Removing matrixfunctions.o(i.arm_mat_trans_f32), (68 bytes).
    Removing matrixfunctions.o(i.arm_mat_trans_q15), (70 bytes).
    Removing matrixfunctions.o(i.arm_mat_trans_q31), (68 bytes).
    Removing svmfunctions.o(.rev16_text), (4 bytes).
    Removing svmfunctions.o(.revsh_text), (4 bytes).
    Removing svmfunctions.o(.rrx_text), (6 bytes).
    Removing svmfunctions.o(i.arm_svm_linear_init_f32), (20 bytes).
    Removing svmfunctions.o(i.arm_svm_linear_predict_f32), (124 bytes).
    Removing svmfunctions.o(i.arm_svm_polynomial_init_f32), (40 bytes).
    Removing svmfunctions.o(i.arm_svm_polynomial_predict_f32), (178 bytes).
    Removing svmfunctions.o(i.arm_svm_rbf_init_f32), (22 bytes).
    Removing svmfunctions.o(i.arm_svm_rbf_predict_f32), (172 bytes).
    Removing svmfunctions.o(i.arm_svm_sigmoid_init_f32), (28 bytes).
    Removing svmfunctions.o(i.arm_svm_sigmoid_predict_f32), (148 bytes).
    Removing statisticsfunctions.o(.rev16_text), (4 bytes).
    Removing statisticsfunctions.o(.revsh_text), (4 bytes).
    Removing statisticsfunctions.o(.rrx_text), (6 bytes).
    Removing statisticsfunctions.o(i.arm_entropy_f32), (62 bytes).
    Removing statisticsfunctions.o(i.arm_entropy_f64), (86 bytes).
    Removing statisticsfunctions.o(i.arm_kullback_leibler_f32), (84 bytes).
    Removing statisticsfunctions.o(i.arm_kullback_leibler_f64), (122 bytes).
    Removing statisticsfunctions.o(i.arm_logsumexp_dot_prod_f32), (40 bytes).
    Removing statisticsfunctions.o(i.arm_logsumexp_f32), (108 bytes).
    Removing statisticsfunctions.o(i.arm_max_f32), (60 bytes).
    Removing statisticsfunctions.o(i.arm_max_no_idx_f32), (44 bytes).
    Removing statisticsfunctions.o(i.arm_max_q15), (40 bytes).
    Removing statisticsfunctions.o(i.arm_max_q31), (36 bytes).
    Removing statisticsfunctions.o(i.arm_max_q7), (40 bytes).
    Removing statisticsfunctions.o(i.arm_mean_f32), (56 bytes).
    Removing statisticsfunctions.o(i.arm_mean_q15), (30 bytes).
    Removing statisticsfunctions.o(i.arm_mean_q31), (56 bytes).
    Removing statisticsfunctions.o(i.arm_mean_q7), (30 bytes).
    Removing statisticsfunctions.o(i.arm_min_f32), (60 bytes).
    Removing statisticsfunctions.o(i.arm_min_q15), (40 bytes).
    Removing statisticsfunctions.o(i.arm_min_q31), (36 bytes).
    Removing statisticsfunctions.o(i.arm_min_q7), (40 bytes).
    Removing statisticsfunctions.o(i.arm_power_f32), (56 bytes).
    Removing statisticsfunctions.o(i.arm_power_q15), (50 bytes).
    Removing statisticsfunctions.o(i.arm_power_q31), (54 bytes).
    Removing statisticsfunctions.o(i.arm_power_q7), (28 bytes).
    Removing statisticsfunctions.o(i.arm_rms_f32), (96 bytes).
    Removing statisticsfunctions.o(i.arm_rms_q15), (78 bytes).
    Removing statisticsfunctions.o(i.arm_rms_q31), (96 bytes).
    Removing statisticsfunctions.o(i.arm_std_f32), (48 bytes).
    Removing statisticsfunctions.o(i.arm_std_q15), (128 bytes).
    Removing statisticsfunctions.o(i.arm_std_q31), (168 bytes).
    Removing statisticsfunctions.o(i.arm_var_f32), (144 bytes).
    Removing statisticsfunctions.o(i.arm_var_q15), (128 bytes).
    Removing statisticsfunctions.o(i.arm_var_q31), (166 bytes).
    Removing supportfunctions.o(.rev16_text), (4 bytes).
    Removing supportfunctions.o(.revsh_text), (4 bytes).
    Removing supportfunctions.o(.rrx_text), (6 bytes).
    Removing supportfunctions.o(i.arm_barycenter_f32), (150 bytes).
    Removing supportfunctions.o(i.arm_bitonic_sort_core_f32), (154 bytes).
    Removing supportfunctions.o(i.arm_bitonic_sort_f32), (92 bytes).
    Removing supportfunctions.o(i.arm_bubble_sort_f32), (120 bytes).
    Removing supportfunctions.o(i.arm_copy_f32), (18 bytes).
    Removing supportfunctions.o(i.arm_copy_q15), (22 bytes).
    Removing supportfunctions.o(i.arm_copy_q31), (18 bytes).
    Removing supportfunctions.o(i.arm_copy_q7), (22 bytes).
    Removing supportfunctions.o(i.arm_fill_f32), (16 bytes).
    Removing supportfunctions.o(i.arm_fill_q15), (18 bytes).
    Removing supportfunctions.o(i.arm_fill_q31), (16 bytes).
    Removing supportfunctions.o(i.arm_fill_q7), (18 bytes).
    Removing supportfunctions.o(i.arm_float_to_q15), (52 bytes).
    Removing supportfunctions.o(i.arm_float_to_q31), (72 bytes).
    Removing supportfunctions.o(i.arm_float_to_q7), (52 bytes).
    Removing supportfunctions.o(i.arm_heap_sort_f32), (102 bytes).
    Removing supportfunctions.o(i.arm_heapify), (122 bytes).
    Removing supportfunctions.o(i.arm_insertion_sort_f32), (110 bytes).
    Removing supportfunctions.o(i.arm_merge_sort_core_f32), (76 bytes).
    Removing supportfunctions.o(i.arm_merge_sort_f32), (62 bytes).
    Removing supportfunctions.o(i.arm_merge_sort_init_f32), (6 bytes).
    Removing supportfunctions.o(i.arm_q15_to_float), (46 bytes).
    Removing supportfunctions.o(i.arm_q15_to_q31), (24 bytes).
    Removing supportfunctions.o(i.arm_q15_to_q7), (26 bytes).
    Removing supportfunctions.o(i.arm_q31_to_float), (48 bytes).
    Removing supportfunctions.o(i.arm_q31_to_q15), (24 bytes).
    Removing supportfunctions.o(i.arm_q31_to_q7), (24 bytes).
    Removing supportfunctions.o(i.arm_q7_to_float), (46 bytes).
    Removing supportfunctions.o(i.arm_q7_to_q15), (26 bytes).
    Removing supportfunctions.o(i.arm_q7_to_q31), (24 bytes).
    Removing supportfunctions.o(i.arm_quick_sort_core_f32), (60 bytes).
    Removing supportfunctions.o(i.arm_quick_sort_f32), (50 bytes).
    Removing supportfunctions.o(i.arm_quick_sort_partition_f32), (138 bytes).
    Removing supportfunctions.o(i.arm_selection_sort_f32), (124 bytes).
    Removing supportfunctions.o(i.arm_sort_f32), (118 bytes).
    Removing supportfunctions.o(i.arm_sort_init_f32), (6 bytes).
    Removing supportfunctions.o(i.arm_spline_f32), (490 bytes).
    Removing supportfunctions.o(i.arm_spline_init_f32), (556 bytes).
    Removing supportfunctions.o(i.arm_weighted_sum_f32), (76 bytes).
    Removing supportfunctions.o(i.topDownMerge), (90 bytes).
    Removing transformfunctions.o(.rev16_text), (4 bytes).
    Removing transformfunctions.o(.revsh_text), (4 bytes).
    Removing transformfunctions.o(.rrx_text), (6 bytes).
    Removing transformfunctions.o(i.arm_bitreversal_16), (74 bytes).
    Removing transformfunctions.o(i.arm_bitreversal_32), (72 bytes).
    Removing transformfunctions.o(i.arm_bitreversal_64), (184 bytes).
    Removing transformfunctions.o(i.arm_bitreversal_f32), (362 bytes).
    Removing transformfunctions.o(i.arm_bitreversal_q15), (134 bytes).
    Removing transformfunctions.o(i.arm_bitreversal_q31), (356 bytes).
    Removing transformfunctions.o(i.arm_cfft_f32), (230 bytes).
    Removing transformfunctions.o(i.arm_cfft_f64), (268 bytes).
    Removing transformfunctions.o(i.arm_cfft_init_f32), (288 bytes).
    Removing transformfunctions.o(i.arm_cfft_init_f64), (288 bytes).
    Removing transformfunctions.o(i.arm_cfft_init_q15), (288 bytes).
    Removing transformfunctions.o(i.arm_cfft_init_q31), (288 bytes).
    Removing transformfunctions.o(i.arm_cfft_q15), (226 bytes).
    Removing transformfunctions.o(i.arm_cfft_q31), (226 bytes).
    Removing transformfunctions.o(i.arm_cfft_radix2_f32), (62 bytes).
    Removing transformfunctions.o(i.arm_cfft_radix2_init_f32), (268 bytes).
    Removing transformfunctions.o(i.arm_cfft_radix2_init_q15), (216 bytes).
    Removing transformfunctions.o(i.arm_cfft_radix2_init_q31), (216 bytes).
    Removing transformfunctions.o(i.arm_cfft_radix2_q15), (52 bytes).
    Removing transformfunctions.o(i.arm_cfft_radix2_q31), (52 bytes).
    Removing transformfunctions.o(i.arm_cfft_radix4_f32), (62 bytes).
    Removing transformfunctions.o(i.arm_cfft_radix4_init_f32), (168 bytes).
    Removing transformfunctions.o(i.arm_cfft_radix4_init_q15), (140 bytes).
    Removing transformfunctions.o(i.arm_cfft_radix4_init_q31), (140 bytes).
    Removing transformfunctions.o(i.arm_cfft_radix4_q15), (58 bytes).
    Removing transformfunctions.o(i.arm_cfft_radix4_q31), (58 bytes).
    Removing transformfunctions.o(i.arm_cfft_radix4by2_f64), (392 bytes).
    Removing transformfunctions.o(i.arm_cfft_radix4by2_inverse_q15), (354 bytes).
    Removing transformfunctions.o(i.arm_cfft_radix4by2_inverse_q31), (374 bytes).
    Removing transformfunctions.o(i.arm_cfft_radix4by2_q15), (354 bytes).
    Removing transformfunctions.o(i.arm_cfft_radix4by2_q31), (376 bytes).
    Removing transformfunctions.o(i.arm_cfft_radix8by2_f32), (586 bytes).
    Removing transformfunctions.o(i.arm_cfft_radix8by4_f32), (2648 bytes).
    Removing transformfunctions.o(i.arm_dct4_f32), (220 bytes).
    Removing transformfunctions.o(i.arm_dct4_init_f32), (160 bytes).
    Removing transformfunctions.o(i.arm_dct4_init_q15), (156 bytes).
    Removing transformfunctions.o(i.arm_dct4_init_q31), (156 bytes).
    Removing transformfunctions.o(i.arm_dct4_q15), (246 bytes).
    Removing transformfunctions.o(i.arm_dct4_q31), (226 bytes).
    Removing transformfunctions.o(i.arm_radix2_butterfly_f32), (280 bytes).
    Removing transformfunctions.o(i.arm_radix2_butterfly_inverse_f32), (456 bytes).
    Removing transformfunctions.o(i.arm_radix2_butterfly_inverse_q15), (804 bytes).
    Removing transformfunctions.o(i.arm_radix2_butterfly_inverse_q31), (1076 bytes).
    Removing transformfunctions.o(i.arm_radix2_butterfly_q15), (818 bytes).
    Removing transformfunctions.o(i.arm_radix2_butterfly_q31), (1102 bytes).
    Removing transformfunctions.o(i.arm_radix4_butterfly_f32), (668 bytes).
    Removing transformfunctions.o(i.arm_radix4_butterfly_f64), (944 bytes).
    Removing transformfunctions.o(i.arm_radix4_butterfly_inverse_f32), (1078 bytes).
    Removing transformfunctions.o(i.arm_radix4_butterfly_inverse_q15), (2020 bytes).
    Removing transformfunctions.o(i.arm_radix4_butterfly_inverse_q31), (1912 bytes).
    Removing transformfunctions.o(i.arm_radix4_butterfly_q15), (2152 bytes).
    Removing transformfunctions.o(i.arm_radix4_butterfly_q31), (1912 bytes).
    Removing transformfunctions.o(i.arm_radix8_butterfly_f32), (3044 bytes).
    Removing transformfunctions.o(i.arm_rfft_1024_fast_init_f32), (48 bytes).
    Removing transformfunctions.o(i.arm_rfft_1024_fast_init_f64), (56 bytes).
    Removing transformfunctions.o(i.arm_rfft_128_fast_init_f32), (44 bytes).
    Removing transformfunctions.o(i.arm_rfft_128_fast_init_f64), (52 bytes).
    Removing transformfunctions.o(i.arm_rfft_2048_fast_init_f32), (48 bytes).
    Removing transformfunctions.o(i.arm_rfft_2048_fast_init_f64), (56 bytes).
    Removing transformfunctions.o(i.arm_rfft_256_fast_init_f32), (48 bytes).
    Removing transformfunctions.o(i.arm_rfft_256_fast_init_f64), (52 bytes).
    Removing transformfunctions.o(i.arm_rfft_32_fast_init_f32), (44 bytes).
    Removing transformfunctions.o(i.arm_rfft_32_fast_init_f64), (52 bytes).
    Removing transformfunctions.o(i.arm_rfft_4096_fast_init_f32), (48 bytes).
    Removing transformfunctions.o(i.arm_rfft_4096_fast_init_f64), (56 bytes).
    Removing transformfunctions.o(i.arm_rfft_512_fast_init_f32), (48 bytes).
    Removing transformfunctions.o(i.arm_rfft_512_fast_init_f64), (56 bytes).
    Removing transformfunctions.o(i.arm_rfft_64_fast_init_f32), (44 bytes).
    Removing transformfunctions.o(i.arm_rfft_64_fast_init_f64), (52 bytes).
    Removing transformfunctions.o(i.arm_rfft_f32), (124 bytes).
    Removing transformfunctions.o(i.arm_rfft_fast_f32), (66 bytes).
    Removing transformfunctions.o(i.arm_rfft_fast_f64), (76 bytes).
    Removing transformfunctions.o(i.arm_rfft_fast_init_f32), (140 bytes).
    Removing transformfunctions.o(i.arm_rfft_fast_init_f64), (140 bytes).
    Removing transformfunctions.o(i.arm_rfft_init_f32), (148 bytes).
    Removing transformfunctions.o(i.arm_rfft_init_q15), (224 bytes).
    Removing transformfunctions.o(i.arm_rfft_init_q31), (224 bytes).
    Removing transformfunctions.o(i.arm_rfft_q15), (116 bytes).
    Removing transformfunctions.o(i.arm_rfft_q31), (114 bytes).
    Removing transformfunctions.o(i.arm_split_rfft_f32), (318 bytes).
    Removing transformfunctions.o(i.arm_split_rfft_q15), (308 bytes).
    Removing transformfunctions.o(i.arm_split_rfft_q31), (518 bytes).
    Removing transformfunctions.o(i.arm_split_rifft_f32), (218 bytes).
    Removing transformfunctions.o(i.arm_split_rifft_q15), (174 bytes).
    Removing transformfunctions.o(i.arm_split_rifft_q31), (318 bytes).
    Removing transformfunctions.o(i.merge_rfft_f32), (266 bytes).
    Removing transformfunctions.o(i.merge_rfft_f64), (404 bytes).
    Removing transformfunctions.o(i.stage_rfft_f32), (306 bytes).
    Removing transformfunctions.o(i.stage_rfft_f64), (448 bytes).
    Removing startup_stm32f10x_ld.o(HEAP), (512 bytes).
    Removing system_stm32f10x.o(.rev16_text), (4 bytes).
    Removing system_stm32f10x.o(.revsh_text), (4 bytes).
    Removing system_stm32f10x.o(.rrx_text), (6 bytes).
    Removing system_stm32f10x.o(i.SystemCoreClockUpdate), (164 bytes).
    Removing system_stm32f10x.o(.data), (20 bytes).
    Removing fadd.o(.text), (176 bytes).
    Removing fmul.o(.text), (100 bytes).
    Removing fdiv.o(.text), (124 bytes).
    Removing dadd.o(.text), (334 bytes).
    Removing dmul.o(.text), (228 bytes).
    Removing ddiv.o(.text), (222 bytes).
    Removing fflti.o(.text), (18 bytes).
    Removing ffltui.o(.text), (10 bytes).
    Removing dfltui.o(.text), (26 bytes).
    Removing ffixi.o(.text), (50 bytes).
    Removing ffixui.o(.text), (40 bytes).
    Removing ffixl.o(.text), (66 bytes).
    Removing f2d.o(.text), (38 bytes).
    Removing cdcmple.o(.text), (48 bytes).
    Removing d2f.o(.text), (56 bytes).
    Removing cfcmple.o(.text), (20 bytes).
    Removing cfrcmple.o(.text), (20 bytes).
    Removing fepilogue.o(.text), (110 bytes).
    Removing fscalb.o(.text), (24 bytes).
    Removing fsqrt.o(.text), (94 bytes).
    Removing frnd.o(.text), (60 bytes).
    Removing depilogue.o(.text), (186 bytes).
    Removing dscalb.o(.text), (46 bytes).
    Removing dflti.o(.text), (34 bytes).
    Removing ffixir.o(.text), (76 bytes).
    Removing fpstat.o(.text), (4 bytes).

473 unused section(s) (total 1015050 bytes) removed from the image.

==============================================================================

Image Symbol Table

    Local Symbols

    Symbol Name                              Value     Ov Type        Size  Object(Section)

    ../clib/microlib/division.c              0x00000000   Number         0  uldiv.o ABSOLUTE
    ../clib/microlib/division.c              0x00000000   Number         0  ldiv.o ABSOLUTE
    ../clib/microlib/errno.c                 0x00000000   Number         0  errno.o ABSOLUTE
    ../clib/microlib/longlong.c              0x00000000   Number         0  llshl.o ABSOLUTE
    ../clib/microlib/longlong.c              0x00000000   Number         0  llsshr.o ABSOLUTE
    ../clib/microlib/longlong.c              0x00000000   Number         0  llushr.o ABSOLUTE
    ../clib/microlib/string/memcpy.c         0x00000000   Number         0  memcpyb.o ABSOLUTE
    ../clib/microlib/string/memcpy.c         0x00000000   Number         0  memcpya.o ABSOLUTE
    ../clib/microlib/string/memset.c         0x00000000   Number         0  memseta.o ABSOLUTE
    ../clib/microlib/stubs.s                 0x00000000   Number         0  iusefp.o ABSOLUTE
    ../fplib/microlib/d2f.c                  0x00000000   Number         0  d2f.o ABSOLUTE
    ../fplib/microlib/f2d.c                  0x00000000   Number         0  f2d.o ABSOLUTE
    ../fplib/microlib/fpadd.c                0x00000000   Number         0  fadd.o ABSOLUTE
    ../fplib/microlib/fpadd.c                0x00000000   Number         0  dadd.o ABSOLUTE
    ../fplib/microlib/fpdiv.c                0x00000000   Number         0  fdiv.o ABSOLUTE
    ../fplib/microlib/fpdiv.c                0x00000000   Number         0  ddiv.o ABSOLUTE
    ../fplib/microlib/fpepilogue.c           0x00000000   Number         0  fepilogue.o ABSOLUTE
    ../fplib/microlib/fpepilogue.c           0x00000000   Number         0  depilogue.o ABSOLUTE
    ../fplib/microlib/fpfix.c                0x00000000   Number         0  ffixi.o ABSOLUTE
    ../fplib/microlib/fpfix.c                0x00000000   Number         0  ffixir.o ABSOLUTE
    ../fplib/microlib/fpfix.c                0x00000000   Number         0  ffixl.o ABSOLUTE
    ../fplib/microlib/fpfix.c                0x00000000   Number         0  ffixui.o ABSOLUTE
    ../fplib/microlib/fpflt.c                0x00000000   Number         0  dfltui.o ABSOLUTE
    ../fplib/microlib/fpflt.c                0x00000000   Number         0  ffltui.o ABSOLUTE
    ../fplib/microlib/fpflt.c                0x00000000   Number         0  fflti.o ABSOLUTE
    ../fplib/microlib/fpflt.c                0x00000000   Number         0  dflti.o ABSOLUTE
    ../fplib/microlib/fpmul.c                0x00000000   Number         0  dmul.o ABSOLUTE
    ../fplib/microlib/fpmul.c                0x00000000   Number         0  fmul.o ABSOLUTE
    ../fplib/microlib/fprnd.c                0x00000000   Number         0  frnd.o ABSOLUTE
    ../fplib/microlib/fpscalb.c              0x00000000   Number         0  fscalb.o ABSOLUTE
    ../fplib/microlib/fpscalb.c              0x00000000   Number         0  dscalb.o ABSOLUTE
    ../fplib/microlib/fpsqrt.c               0x00000000   Number         0  fsqrt.o ABSOLUTE
    ../fplib/microlib/fpstat.c               0x00000000   Number         0  fpstat.o ABSOLUTE
    ../mathlib/dunder.c                      0x00000000   Number         0  dunder.o ABSOLUTE
    ../mathlib/expf.c                        0x00000000   Number         0  expf.o ABSOLUTE
    ../mathlib/expf.c                        0x00000000   Number         0  expf_x.o ABSOLUTE
    ../mathlib/fpclassifyf.c                 0x00000000   Number         0  fpclassifyf.o ABSOLUTE
    ../mathlib/funder.c                      0x00000000   Number         0  funder.o ABSOLUTE
    ../mathlib/log.c                         0x00000000   Number         0  log.o ABSOLUTE
    ../mathlib/log.c                         0x00000000   Number         0  log_x.o ABSOLUTE
    ../mathlib/logf.c                        0x00000000   Number         0  logf_x.o ABSOLUTE
    ../mathlib/logf.c                        0x00000000   Number         0  logf.o ABSOLUTE
    ../mathlib/poly.c                        0x00000000   Number         0  poly.o ABSOLUTE
    ../mathlib/powf.c                        0x00000000   Number         0  powf.o ABSOLUTE
    ../mathlib/powf.c                        0x00000000   Number         0  powf_x.o ABSOLUTE
    ../mathlib/qnan.c                        0x00000000   Number         0  qnan.o ABSOLUTE
    ../mathlib/sqrtf.c                       0x00000000   Number         0  sqrtf.o ABSOLUTE
    ../mathlib/sqrtf.c                       0x00000000   Number         0  sqrtf_x.o ABSOLUTE
    ../mathlib/tanhf.c                       0x00000000   Number         0  tanhf.o ABSOLUTE
    ../mathlib/tanhf.c                       0x00000000   Number         0  tanhf_x.o ABSOLUTE
    D:\\keil_pack\\ARM\\CMSIS\\5.7.0\\CMSIS\\DSP\\Source\\BasicMathFunctions\\BasicMathFunctions.c 0x00000000   Number         0  basicmathfunctions.o ABSOLUTE
    D:\\keil_pack\\ARM\\CMSIS\\5.7.0\\CMSIS\\DSP\\Source\\BayesFunctions\\BayesFunctions.c 0x00000000   Number         0  bayesfunctions.o ABSOLUTE
    D:\\keil_pack\\ARM\\CMSIS\\5.7.0\\CMSIS\\DSP\\Source\\CommonTables\\CommonTables.c 0x00000000   Number         0  commontables.o ABSOLUTE
    D:\\keil_pack\\ARM\\CMSIS\\5.7.0\\CMSIS\\DSP\\Source\\ComplexMathFunctions\\ComplexMathFunctions.c 0x00000000   Number         0  complexmathfunctions.o ABSOLUTE
    D:\\keil_pack\\ARM\\CMSIS\\5.7.0\\CMSIS\\DSP\\Source\\ControllerFunctions\\ControllerFunctions.c 0x00000000   Number         0  controllerfunctions.o ABSOLUTE
    D:\\keil_pack\\ARM\\CMSIS\\5.7.0\\CMSIS\\DSP\\Source\\DistanceFunctions\\DistanceFunctions.c 0x00000000   Number         0  distancefunctions.o ABSOLUTE
    D:\\keil_pack\\ARM\\CMSIS\\5.7.0\\CMSIS\\DSP\\Source\\FastMathFunctions\\FastMathFunctions.c 0x00000000   Number         0  fastmathfunctions.o ABSOLUTE
    D:\\keil_pack\\ARM\\CMSIS\\5.7.0\\CMSIS\\DSP\\Source\\FilteringFunctions\\FilteringFunctions.c 0x00000000   Number         0  filteringfunctions.o ABSOLUTE
    D:\\keil_pack\\ARM\\CMSIS\\5.7.0\\CMSIS\\DSP\\Source\\MatrixFunctions\\MatrixFunctions.c 0x00000000   Number         0  matrixfunctions.o ABSOLUTE
    D:\\keil_pack\\ARM\\CMSIS\\5.7.0\\CMSIS\\DSP\\Source\\SVMFunctions\\SVMFunctions.c 0x00000000   Number         0  svmfunctions.o ABSOLUTE
    D:\\keil_pack\\ARM\\CMSIS\\5.7.0\\CMSIS\\DSP\\Source\\StatisticsFunctions\\StatisticsFunctions.c 0x00000000   Number         0  statisticsfunctions.o ABSOLUTE
    D:\\keil_pack\\ARM\\CMSIS\\5.7.0\\CMSIS\\DSP\\Source\\SupportFunctions\\SupportFunctions.c 0x00000000   Number         0  supportfunctions.o ABSOLUTE
    D:\\keil_pack\\ARM\\CMSIS\\5.7.0\\CMSIS\\DSP\\Source\\TransformFunctions\\TransformFunctions.c 0x00000000   Number         0  transformfunctions.o ABSOLUTE
    D:\keil_pack\ARM\CMSIS\5.7.0\CMSIS\DSP\Source\BasicMathFunctions\BasicMathFunctions.c 0x00000000   Number         0  basicmathfunctions.o ABSOLUTE
    D:\keil_pack\ARM\CMSIS\5.7.0\CMSIS\DSP\Source\BayesFunctions\BayesFunctions.c 0x00000000   Number         0  bayesfunctions.o ABSOLUTE
    D:\keil_pack\ARM\CMSIS\5.7.0\CMSIS\DSP\Source\CommonTables\CommonTables.c 0x00000000   Number         0  commontables.o ABSOLUTE
    D:\keil_pack\ARM\CMSIS\5.7.0\CMSIS\DSP\Source\ComplexMathFunctions\ComplexMathFunctions.c 0x00000000   Number         0  complexmathfunctions.o ABSOLUTE
    D:\keil_pack\ARM\CMSIS\5.7.0\CMSIS\DSP\Source\ControllerFunctions\ControllerFunctions.c 0x00000000   Number         0  controllerfunctions.o ABSOLUTE
    D:\keil_pack\ARM\CMSIS\5.7.0\CMSIS\DSP\Source\DistanceFunctions\DistanceFunctions.c 0x00000000   Number         0  distancefunctions.o ABSOLUTE
    D:\keil_pack\ARM\CMSIS\5.7.0\CMSIS\DSP\Source\FastMathFunctions\FastMathFunctions.c 0x00000000   Number         0  fastmathfunctions.o ABSOLUTE
    D:\keil_pack\ARM\CMSIS\5.7.0\CMSIS\DSP\Source\FilteringFunctions\FilteringFunctions.c 0x00000000   Number         0  filteringfunctions.o ABSOLUTE
    D:\keil_pack\ARM\CMSIS\5.7.0\CMSIS\DSP\Source\MatrixFunctions\MatrixFunctions.c 0x00000000   Number         0  matrixfunctions.o ABSOLUTE
    D:\keil_pack\ARM\CMSIS\5.7.0\CMSIS\DSP\Source\SVMFunctions\SVMFunctions.c 0x00000000   Number         0  svmfunctions.o ABSOLUTE
    D:\keil_pack\ARM\CMSIS\5.7.0\CMSIS\DSP\Source\StatisticsFunctions\StatisticsFunctions.c 0x00000000   Number         0  statisticsfunctions.o ABSOLUTE
    D:\keil_pack\ARM\CMSIS\5.7.0\CMSIS\DSP\Source\SupportFunctions\SupportFunctions.c 0x00000000   Number         0  supportfunctions.o ABSOLUTE
    D:\keil_pack\ARM\CMSIS\5.7.0\CMSIS\DSP\Source\TransformFunctions\TransformFunctions.c 0x00000000   Number         0  transformfunctions.o ABSOLUTE
    RTE\Device\STM32F103C4\startup_stm32f10x_ld.s 0x00000000   Number         0  startup_stm32f10x_ld.o ABSOLUTE
    RTE\Device\STM32F103C4\system_stm32f10x.c 0x00000000   Number         0  system_stm32f10x.o ABSOLUTE
    RTE\\Device\\STM32F103C4\\system_stm32f10x.c 0x00000000   Number         0  system_stm32f10x.o ABSOLUTE
    cdcmple.s                                0x00000000   Number         0  cdcmple.o ABSOLUTE
    cfcmple.s                                0x00000000   Number         0  cfcmple.o ABSOLUTE
    cfrcmple.s                               0x00000000   Number         0  cfrcmple.o ABSOLUTE
    dc.s                                     0x00000000   Number         0  dc.o ABSOLUTE
    demo.s                                   0x00000000   Number         0  demo.o ABSOLUTE
    RESET                                    0x08000000   Section      236  startup_stm32f10x_ld.o(RESET)
    .text                                    0x080000ec   Section       36  startup_stm32f10x_ld.o(.text)
    EXAMPLE                                  0x08000110   Section       78  demo.o(EXAMPLE)
    i.SetSysClock                            0x0800015e   Section        0  system_stm32f10x.o(i.SetSysClock)
    SetSysClock                              0x0800015f   Thumb Code     8  system_stm32f10x.o(i.SetSysClock)
    i.SetSysClockTo72                        0x08000168   Section        0  system_stm32f10x.o(i.SetSysClockTo72)
    SetSysClockTo72                          0x08000169   Thumb Code   214  system_stm32f10x.o(i.SetSysClockTo72)
    i.SystemInit                             0x08000248   Section        0  system_stm32f10x.o(i.SystemInit)
    STACK                                    0x20000000   Section     1024  startup_stm32f10x_ld.o(STACK)

    Global Symbols

    Symbol Name                              Value     Ov Type        Size  Object(Section)

    BuildAttributes$$THM_ISAv4$P$D$K$B$S$PE$A:L22UL41UL21$X:L11$S22US41US21$IEEE1$IW$USESV6$~STKCKD$USESV7$~SHL$OTIME$ROPI$IEEEX$EBA8$MICROLIB$REQ8$PRES8$EABIv2 0x00000000   Number         0  anon$$obj.o ABSOLUTE
    __Vectors_Size                           0x000000ec   Number         0  startup_stm32f10x_ld.o ABSOLUTE
    __Vectors                                0x08000000   Data           4  startup_stm32f10x_ld.o(RESET)
    Reset_Handler                            0x080000ed   Thumb Code     8  startup_stm32f10x_ld.o(.text)
    __Vectors_End                            0x080000ec   Data           0  startup_stm32f10x_ld.o(RESET)
    NMI_Handler                              0x080000f5   Thumb Code     2  startup_stm32f10x_ld.o(.text)
    HardFault_Handler                        0x080000f7   Thumb Code     2  startup_stm32f10x_ld.o(.text)
    MemManage_Handler                        0x080000f9   Thumb Code     2  startup_stm32f10x_ld.o(.text)
    BusFault_Handler                         0x080000fb   Thumb Code     2  startup_stm32f10x_ld.o(.text)
    UsageFault_Handler                       0x080000fd   Thumb Code     2  startup_stm32f10x_ld.o(.text)
    SVC_Handler                              0x080000ff   Thumb Code     2  startup_stm32f10x_ld.o(.text)
    DebugMon_Handler                         0x08000101   Thumb Code     2  startup_stm32f10x_ld.o(.text)
    PendSV_Handler                           0x08000103   Thumb Code     2  startup_stm32f10x_ld.o(.text)
    SysTick_Handler                          0x08000105   Thumb Code     2  startup_stm32f10x_ld.o(.text)
    ADC1_2_IRQHandler                        0x08000107   Thumb Code     0  startup_stm32f10x_ld.o(.text)
    CAN1_RX1_IRQHandler                      0x08000107   Thumb Code     0  startup_stm32f10x_ld.o(.text)
    CAN1_SCE_IRQHandler                      0x08000107   Thumb Code     0  startup_stm32f10x_ld.o(.text)
    DMA1_Channel1_IRQHandler                 0x08000107   Thumb Code     0  startup_stm32f10x_ld.o(.text)
    DMA1_Channel2_IRQHandler                 0x08000107   Thumb Code     0  startup_stm32f10x_ld.o(.text)
    DMA1_Channel3_IRQHandler                 0x08000107   Thumb Code     0  startup_stm32f10x_ld.o(.text)
    DMA1_Channel4_IRQHandler                 0x08000107   Thumb Code     0  startup_stm32f10x_ld.o(.text)
    DMA1_Channel5_IRQHandler                 0x08000107   Thumb Code     0  startup_stm32f10x_ld.o(.text)
    DMA1_Channel6_IRQHandler                 0x08000107   Thumb Code     0  startup_stm32f10x_ld.o(.text)
    DMA1_Channel7_IRQHandler                 0x08000107   Thumb Code     0  startup_stm32f10x_ld.o(.text)
    EXTI0_IRQHandler                         0x08000107   Thumb Code     0  startup_stm32f10x_ld.o(.text)
    EXTI15_10_IRQHandler                     0x08000107   Thumb Code     0  startup_stm32f10x_ld.o(.text)
    EXTI1_IRQHandler                         0x08000107   Thumb Code     0  startup_stm32f10x_ld.o(.text)
    EXTI2_IRQHandler                         0x08000107   Thumb Code     0  startup_stm32f10x_ld.o(.text)
    EXTI3_IRQHandler                         0x08000107   Thumb Code     0  startup_stm32f10x_ld.o(.text)
    EXTI4_IRQHandler                         0x08000107   Thumb Code     0  startup_stm32f10x_ld.o(.text)
    EXTI9_5_IRQHandler                       0x08000107   Thumb Code     0  startup_stm32f10x_ld.o(.text)
    FLASH_IRQHandler                         0x08000107   Thumb Code     0  startup_stm32f10x_ld.o(.text)
    I2C1_ER_IRQHandler                       0x08000107   Thumb Code     0  startup_stm32f10x_ld.o(.text)
    I2C1_EV_IRQHandler                       0x08000107   Thumb Code     0  startup_stm32f10x_ld.o(.text)
    PVD_IRQHandler                           0x08000107   Thumb Code     0  startup_stm32f10x_ld.o(.text)
    RCC_IRQHandler                           0x08000107   Thumb Code     0  startup_stm32f10x_ld.o(.text)
    RTCAlarm_IRQHandler                      0x08000107   Thumb Code     0  startup_stm32f10x_ld.o(.text)
    RTC_IRQHandler                           0x08000107   Thumb Code     0  startup_stm32f10x_ld.o(.text)
    SPI1_IRQHandler                          0x08000107   Thumb Code     0  startup_stm32f10x_ld.o(.text)
    TAMPER_IRQHandler                        0x08000107   Thumb Code     0  startup_stm32f10x_ld.o(.text)
    TIM1_BRK_IRQHandler                      0x08000107   Thumb Code     0  startup_stm32f10x_ld.o(.text)
    TIM1_CC_IRQHandler                       0x08000107   Thumb Code     0  startup_stm32f10x_ld.o(.text)
    TIM1_TRG_COM_IRQHandler                  0x08000107   Thumb Code     0  startup_stm32f10x_ld.o(.text)
    TIM1_UP_IRQHandler                       0x08000107   Thumb Code     0  startup_stm32f10x_ld.o(.text)
    TIM2_IRQHandler                          0x08000107   Thumb Code     0  startup_stm32f10x_ld.o(.text)
    TIM3_IRQHandler                          0x08000107   Thumb Code     0  startup_stm32f10x_ld.o(.text)
    USART1_IRQHandler                        0x08000107   Thumb Code     0  startup_stm32f10x_ld.o(.text)
    USART2_IRQHandler                        0x08000107   Thumb Code     0  startup_stm32f10x_ld.o(.text)
    USBWakeUp_IRQHandler                     0x08000107   Thumb Code     0  startup_stm32f10x_ld.o(.text)
    USB_HP_CAN1_TX_IRQHandler                0x08000107   Thumb Code     0  startup_stm32f10x_ld.o(.text)
    USB_LP_CAN1_RX0_IRQHandler               0x08000107   Thumb Code     0  startup_stm32f10x_ld.o(.text)
    WWDG_IRQHandler                          0x08000107   Thumb Code     0  startup_stm32f10x_ld.o(.text)
    __main                                   0x08000111   Thumb Code     0  demo.o(EXAMPLE)
    SystemInit                               0x08000249   Thumb Code    78  system_stm32f10x.o(i.SystemInit)
    __initial_sp                             0x20000400   Data           0  startup_stm32f10x_ld.o(STACK)



==============================================================================

Memory Map of the image

  Image Entry point : 0x08000111

  Load Region LR_IROM1 (Base: 0x08000000, Size: 0x000002a8, Max: 0x00004000, ABSOLUTE)

    Execution Region ER_IROM1 (Exec base: 0x08000000, Load base: 0x08000000, Size: 0x000002a8, Max: 0x00004000, ABSOLUTE)

    Exec Addr    Load Addr    Size         Type   Attr      Idx    E Section Name        Object

    0x08000000   0x08000000   0x000000ec   Data   RO         3734    RESET               startup_stm32f10x_ld.o
    0x080000ec   0x080000ec   0x00000024   Code   RO         3735    .text               startup_stm32f10x_ld.o
    0x08000110   0x08000110   0x0000004e   Code   RO            2  * EXAMPLE             demo.o
    0x0800015e   0x0800015e   0x00000008   Code   RO         3742    i.SetSysClock       system_stm32f10x.o
    0x08000166   0x08000166   0x00000002   PAD
    0x08000168   0x08000168   0x000000e0   Code   RO         3743    i.SetSysClockTo72   system_stm32f10x.o
    0x08000248   0x08000248   0x00000060   Code   RO         3745    i.SystemInit        system_stm32f10x.o


    Execution Region RW_IRAM1 (Exec base: 0x20000000, Load base: 0x080002a8, Size: 0x00000400, Max: 0x00001800, ABSOLUTE)

    Exec Addr    Load Addr    Size         Type   Attr      Idx    E Section Name        Object

    0x20000000        -       0x00000400   Zero   RW         3732    STACK               startup_stm32f10x_ld.o


==============================================================================

Image component sizes


      Code (inc. data)   RO Data    RW Data    ZI Data      Debug   Object Name

         0          0          0          0          0       4500   basicmathfunctions.o
        78          0          0          0          0        236   demo.o
        36          8        236          0       1024        780   startup_stm32f10x_ld.o
       328         28          0          0          0       1837   system_stm32f10x.o

    ----------------------------------------------------------------------
       444         36        236          0       1024       7353   Object Totals
         0          0          0          0          0          0   (incl. Generated)
         2          0          0          0          0          0   (incl. Padding)

    ----------------------------------------------------------------------
         0          0          0          0          0          0   Library Totals
         0          0          0          0          0          0   (incl. Padding)

    ----------------------------------------------------------------------

==============================================================================


      Code (inc. data)   RO Data    RW Data    ZI Data      Debug   

       444         36        236          0       1024       7249   Grand Totals
       444         36        236          0       1024       7249   ELF Image Totals
       444         36        236          0          0          0   ROM Totals

==============================================================================

    Total RO  Size (Code + RO Data)                  680 (   0.66kB)
    Total RW  Size (RW Data + ZI Data)              1024 (   1.00kB)
    Total ROM Size (Code + RO Data + RW Data)        680 (   0.66kB)

==============================================================================

